==============================================
 FieldOps Test Suite Runner
==============================================

[0/5] Resetting stack and MySQL volume...

[1/5] Rebuilding test images...
Compose can now delegate builds to bake for better performance.
 To do so, set COMPOSE_BAKE=true.
#0 building with "desktop-linux" instance using docker driver

#1 [backend internal] load build definition from Dockerfile
#1 transferring dockerfile: 1.79kB 0.0s done
#1 DONE 0.1s

#2 [test-frontend internal] load build definition from Dockerfile.test
#2 transferring dockerfile: 164B done
#2 DONE 0.1s

#3 [test-backend internal] load build definition from Dockerfile.test
#3 transferring dockerfile: 1.08kB done
#3 DONE 0.2s

#4 [backend auth] library/php:pull token for registry-1.docker.io
#4 DONE 0.0s

#5 [backend auth] library/composer:pull token for registry-1.docker.io
#5 DONE 0.0s

#6 [test-backend internal] load metadata for docker.io/library/composer:2
#6 ...

#7 [test-frontend internal] load metadata for docker.io/library/node:18-alpine
#7 DONE 1.0s

#8 [test-frontend internal] load .dockerignore
#8 transferring context: 2B done
#8 DONE 0.1s

#9 [test-frontend internal] load build context
#9 transferring context: 3.48kB 0.0s done
#9 DONE 0.1s

#10 [test-frontend 1/5] FROM docker.io/library/node:18-alpine@sha256:8d6421d663b4c28fd3ebc498332f249011d118945588d0a35cb9bc4b8ca09d9e
#10 resolve docker.io/library/node:18-alpine@sha256:8d6421d663b4c28fd3ebc498332f249011d118945588d0a35cb9bc4b8ca09d9e 0.1s done
#10 DONE 0.1s

#11 [test-frontend 2/5] WORKDIR /app
#11 CACHED

#12 [test-frontend 3/5] COPY package.json package-lock.json* ./
#12 CACHED

#13 [test-frontend 4/5] RUN npm install
#13 CACHED

#14 [test-frontend 5/5] COPY . .
#14 CACHED

#15 [backend internal] load metadata for docker.io/library/php:8.2-cli
#15 DONE 1.4s

#16 [test-frontend] exporting to image
#16 exporting layers done
#16 exporting manifest sha256:d741ace00de4159fa056a46d984eabab898d1712681c9b153afae1366cd1a522 0.0s done
#16 exporting config sha256:976a9c66329794ec6552446bf9cfe6e2f894faa5538e094369099e3761a91273 0.0s done
#16 exporting attestation manifest sha256:f5dc8ee68f7eff0c37c7291c85b7589272fb086b00fff251b699ef8d0e84fc39
#16 exporting attestation manifest sha256:f5dc8ee68f7eff0c37c7291c85b7589272fb086b00fff251b699ef8d0e84fc39 0.1s done
#16 exporting manifest list sha256:aa09073d7136e13cf8a7d59d08be3af5b0c1475187c4e40e961f8b0443d66eab
#16 exporting manifest list sha256:aa09073d7136e13cf8a7d59d08be3af5b0c1475187c4e40e961f8b0443d66eab 0.1s done
#16 naming to docker.io/library/repo-test-frontend:latest 0.0s done
#16 unpacking to docker.io/library/repo-test-frontend:latest 0.0s done
#16 DONE 0.4s

#6 [test-backend internal] load metadata for docker.io/library/composer:2
#6 DONE 2.0s

#17 [backend internal] load .dockerignore
#17 transferring context: 2B 0.0s done
#17 DONE 0.1s

#18 [test-backend internal] load .dockerignore
#18 transferring context: 2B 0.0s done
#18 DONE 0.1s

#19 [backend internal] load build context
#19 DONE 0.0s

#20 [test-backend internal] load build context
#20 DONE 0.0s

#21 [test-backend] FROM docker.io/library/composer:2@sha256:dc292c5c0f95f526b051d4c341bf08e7e2b18504c74625e3203d7f123050e318
#21 resolve docker.io/library/composer:2@sha256:dc292c5c0f95f526b051d4c341bf08e7e2b18504c74625e3203d7f123050e318
#21 resolve docker.io/library/composer:2@sha256:dc292c5c0f95f526b051d4c341bf08e7e2b18504c74625e3203d7f123050e318 0.2s done
#21 DONE 0.2s

#22 [test-frontend] resolving provenance for metadata file
#22 DONE 0.0s

#23 [backend stage-0 1/9] FROM docker.io/library/php:8.2-cli@sha256:d4529ca36f2f3c64320c812cd606da2133682065f5c932b054a0755818e7ea01
#23 resolve docker.io/library/php:8.2-cli@sha256:d4529ca36f2f3c64320c812cd606da2133682065f5c932b054a0755818e7ea01 0.2s done
#23 resolve docker.io/library/php:8.2-cli@sha256:d4529ca36f2f3c64320c812cd606da2133682065f5c932b054a0755818e7ea01 0.2s done
#23 DONE 0.2s

#20 [test-backend internal] load build context
#20 transferring context: 5.73kB 0.0s done
#20 DONE 0.1s

#19 [backend internal] load build context
#19 transferring context: 5.73kB 0.0s done
#19 DONE 0.1s

#24 [test-backend stage-0 8/9] RUN mkdir -p storage/keys storage/logs runtime     && chmod -R 777 storage runtime
#24 CACHED

#25 [test-backend stage-0 7/9] COPY . .
#25 CACHED

#26 [test-backend stage-0 6/9] RUN composer install --no-interaction 2>/dev/null || composer install --no-interaction
#26 CACHED

#27 [test-backend stage-0 2/9] RUN apt-get update && apt-get install -y     libzip-dev     zip     unzip     libpng-dev     libonig-dev     libxml2-dev     libcurl4-openssl-dev     && docker-php-ext-install pdo_mysql mbstring zip bcmath xml curl     && apt-get clean && rm -rf /var/lib/apt/lists/*
#27 CACHED

#28 [test-backend stage-0 3/9] COPY --from=composer:2 /usr/bin/composer /usr/bin/composer
#28 CACHED

#29 [test-backend stage-0 4/9] WORKDIR /app
#29 CACHED

#30 [test-backend stage-0 5/9] COPY composer.json composer.lock* ./
#30 CACHED

#31 [backend stage-0 4/9] WORKDIR /app
#31 CACHED

#32 [backend stage-0 3/9] COPY --from=composer:2 /usr/bin/composer /usr/bin/composer
#32 CACHED

#33 [backend stage-0 2/9] RUN apt-get update && apt-get install -y     libzip-dev     zip     unzip     libpng-dev     libonig-dev     libxml2-dev     cron     && docker-php-ext-install pdo_mysql mbstring zip bcmath xml     && apt-get clean && rm -rf /var/lib/apt/lists/*
#33 CACHED

#34 [backend stage-0 6/9] RUN composer install --no-dev --optimize-autoloader --no-interaction 2>/dev/null || composer install --no-dev --no-interaction
#34 CACHED

#35 [backend stage-0 7/9] COPY . .
#35 CACHED

#36 [backend stage-0 5/9] COPY composer.json composer.lock* ./
#36 CACHED

#37 [backend stage-0 8/9] RUN mkdir -p storage/keys storage/logs runtime     && chmod -R 777 storage runtime
#37 CACHED

#38 [backend stage-0 9/9] RUN install -m 0644 crontab /etc/cron.d/fieldops     && crontab /etc/cron.d/fieldops
#38 CACHED

#39 [test-backend stage-0 9/9] RUN chmod +x scripts/run-phpunit.sh
#39 CACHED

#40 [test-backend] exporting to image
#40 exporting layers 0.1s done
#40 exporting manifest sha256:9fc5382c36fa9e088f27e514414859df7d19e440c5c7630dc400c7926384bcc4 0.1s done
#40 exporting config sha256:cc93d106e38f1c8f5dda36ad520da697287126a4846f34e49243c34692d6def5
#40 exporting config sha256:cc93d106e38f1c8f5dda36ad520da697287126a4846f34e49243c34692d6def5 0.1s done
#40 exporting attestation manifest sha256:6e2d8d3e03cb1a521070d2b75aafb381ef60c5249b9beaa56804500c9c9d7f5d
#40 exporting attestation manifest sha256:6e2d8d3e03cb1a521070d2b75aafb381ef60c5249b9beaa56804500c9c9d7f5d 0.2s done
#40 exporting manifest list sha256:325738a28dd0bf99c9de784b73a677e098fee75e981c1f03f5a999ecf2a6f39d
#40 exporting manifest list sha256:325738a28dd0bf99c9de784b73a677e098fee75e981c1f03f5a999ecf2a6f39d 0.2s done
#40 naming to docker.io/library/repo-test-backend:latest 0.0s done
#40 unpacking to docker.io/library/repo-test-backend:latest
#40 unpacking to docker.io/library/repo-test-backend:latest 0.0s done
#40 DONE 1.1s

#41 [backend] exporting to image
#41 exporting layers 0.1s done
#41 exporting manifest sha256:ee83446714085463b6546b3403c210d751008ffb0f67cfbb78c52d47c8b3385d 0.1s done
#41 exporting config sha256:260e9b7d47958f2912bc672750366dd8f75dab9bc5dd262cce21a23959bccebf 0.1s done
#41 exporting attestation manifest sha256:c6ad3c6466ca6ccea6e946e39d92c2568aa90401d71cddf4867b3cae376905e8 0.4s done
#41 exporting manifest list sha256:f44d8d8431f7fc1266efd650e689e256c76114fb6854ba5302efb474e3cc4bd0 0.1s done
#41 naming to docker.io/library/repo-backend:latest 0.0s done
#41 unpacking to docker.io/library/repo-backend:latest 0.1s done
#41 DONE 1.3s

#42 [test-backend] resolving provenance for metadata file
#42 DONE 0.3s

#43 [backend] resolving provenance for metadata file
#43 DONE 0.1s

#44 [test-e2e internal] load build definition from Dockerfile
#44 transferring dockerfile: 1.48kB 0.0s done
#44 DONE 0.1s

#45 [test-e2e internal] load metadata for docker.io/library/node:18-slim
#45 DONE 0.6s

#46 [test-e2e internal] load .dockerignore
#46 transferring context: 2B done
#46 DONE 0.1s

#47 [test-e2e internal] load build context
#47 transferring context: 275B 0.0s done
#47 DONE 0.1s

#48 [test-e2e 1/5] FROM docker.io/library/node:18-slim@sha256:f9ab18e354e6855ae56ef2b290dd225c1e51a564f87584b9bd21dd651838830e
#48 resolve docker.io/library/node:18-slim@sha256:f9ab18e354e6855ae56ef2b290dd225c1e51a564f87584b9bd21dd651838830e 0.2s done
#48 DONE 0.2s

#49 [test-e2e 2/5] WORKDIR /app
#49 CACHED

#50 [test-e2e 3/5] COPY tests/e2e/package.json ./
#50 CACHED

#51 [test-e2e 4/5] RUN npm install
#51 CACHED

#52 [test-e2e 5/5] COPY tests/e2e/ ./
#52 CACHED

#53 [test-e2e] exporting to image
#53 exporting layers done
#53 exporting manifest sha256:5369b4f6127d904337e988e1a664f8892a8f0a93fcb95edb1d59458dca6c5481 0.0s done
#53 exporting config sha256:b4bedec1e39e9ffb64db32cc186e5f3ae51173d72e8fcf36681ebcf8cc0cb77e done
#53 exporting attestation manifest sha256:8da59f8b5f212ed03d2d255f2269061da63b7148d6968dfa230a04f690c3954c
#53 exporting attestation manifest sha256:8da59f8b5f212ed03d2d255f2269061da63b7148d6968dfa230a04f690c3954c 0.1s done
#53 exporting manifest list sha256:103e1613ef42d4edbc57b2aee7e3b170f9cfe6a6020339dbfd4d256014ec2575
#53 exporting manifest list sha256:103e1613ef42d4edbc57b2aee7e3b170f9cfe6a6020339dbfd4d256014ec2575 0.1s done
#53 naming to docker.io/library/repo-test-e2e:latest done
#53 unpacking to docker.io/library/repo-test-e2e:latest 0.0s done
#53 DONE 0.3s

#54 [test-e2e] resolving provenance for metadata file
#54 DONE 0.0s
 backend  Built
 test-backend  Built
 test-e2e  Built
 test-frontend  Built

[2/5] Starting database service...
 Network repo_default  Creating
 Network repo_default  Created
 Volume "repo_mysql_data"  Creating
 Volume "repo_mysql_data"  Created
 Container fieldops_mysql  Creating
 Container fieldops_mysql  Created
 Container fieldops_mysql  Starting
 Container fieldops_mysql  Started
 Container fieldops_mysql  Waiting
 Container fieldops_mysql  Healthy
MySQL is ready (TCP 3306 reachable).

[3/5] Running backend tests...
----------------------------------------------
 Container fieldops_mysql  Running
[run-phpunit] Waiting for mysql:3306 to accept TCP connections...
[run-phpunit] mysql:3306 reachable after 1 attempt(s).
[seed-passwords] Reset 8 demo password hashes and cleared lockout/session/redemption state.
PHPUnit 10.5.63 by Sebastian Bergmann and contributors.

Runtime:       PHP 8.2.30
Configuration: /app/phpunit.xml

...............................................................  63 / 555 ( 11%)
............................................................... 126 / 555 ( 22%)
............................................................... 189 / 555 ( 34%)
............................................................... 252 / 555 ( 45%)
............................................................... 315 / 555 ( 56%)
.........................W.................................SS.. 378 / 555 ( 68%)
....................SS......S..............S................... 441 / 555 ( 79%)
............................................................... 504 / 555 ( 90%)
..........................................SSSSS....             555 / 555 (100%)

Time: 00:53.443, Memory: 16.00 MB

Admin Api (tests\api\AdminApi)
 ✔ List users requires auth
 ✔ Create user requires auth
 ✔ Key rotation requires auth
 ✔ Binding reassign requires auth
 ✔ Role update requires auth
 ✔ Admin can list users
 ✔ Non admin cannot list users
 ✔ Customer cannot list users
 ✔ Create user with weak password fails
 ✔ Create user with strong password
 ✔ Key rotation admin only
 ✔ List stores requires auth
 ✔ Admin can list stores
 ✔ Admin can list workstations

Announcement Api (tests\api\AnnouncementApi)
 ✔ List announcements requires auth
 ✔ Create announcement requires auth
 ✔ Admin can list announcements
 ✔ Front desk can list announcements
 ✔ Customer cannot list announcements
 ✔ Admin can create announcement
 ✔ Front desk cannot create announcement
 ✔ Get announcement not found
 ✔ Delete announcement requires admin
 ✔ Patch announcement updates field and persists
 ✔ Patch announcement returns not found for unknown id
 ✔ Create and read announcement

Audit Api (tests\api\AuditApi)
 ✔ Audit log search requires auth
 ✔ Security events requires auth
 ✔ Admin can search audit logs
 ✔ Front desk cannot search audit logs
 ✔ Audit log entries have required fields
 ✔ Audit log filter by action
 ✔ Audit log filter by entity type
 ✔ Audit log filter by date range
 ✔ Audit log pagination
 ✔ Admin can view security events
 ✔ Manager cannot view security events
 ✔ Audit log entry cannot be updated
 ✔ Audit log entry cannot be deleted
 ✔ Audit log collection has no mutating endpoints

Audit Archival Job (tests\unit\AuditArchivalJob)
 ✔ Run returns retention envelope
 ✔ Verify retention returns true for in policy data
 ✔ Schedule config registers archival job
 ✔ Console command is registered

Audit Immutability (tests\api\AuditImmutability)
 ✔ Direct update on operation logs is rejected
 ✔ Direct delete on operation logs is rejected
 ✔ Direct update on security events is rejected
 ✔ Insert remains permitted on operation logs

Audit Logging (tests\api\AuditLogging)
 ✔ Order creation is audited
 ✔ Payment is audited
 ✔ Audit log entry structure

Auth Api (tests\api\AuthApi)
 ✔ Login success
 ✔ Login invalid credentials
 ✔ Login missing fields
 ✔ Logout invalidates session
 ✔ Get me returns user profile
 ✔ Get me unauthenticated
 ✔ Access protected route without token
 ✔ Access protected route with invalid token
 ✔ Invalid store workstation binding
 ✔ Bootstrap stores is public
 ✔ Password reset requires auth
 ✔ Password reset rejects wrong old password
 ✔ Password reset rejects weak new password
 ✔ Password reset missing fields
 ✔ Bootstrap workstations is public

Auth Lockout (tests\unit\AuthLockout)
 ✔ Password hash verifies
 ✔ Wrong password does not verify
 ✔ Hash produces different result each time
 ✔ Hash is not plaintext
 ✔ Valid strong password
 ✔ Password too short
 ✔ Password exactly 12 chars
 ✔ Password missing uppercase
 ✔ Password missing lowercase
 ✔ Password missing digit
 ✔ Password missing special char
 ✔ Lockout after max attempts
 ✔ No lockout below max attempts
 ✔ Lockout duration 15 minutes
 ✔ Remaining attempts warning at 2
 ✔ No warning at 3 remaining
 ✔ Lockout until is future
 ✔ Default session t t l 480 minutes
 ✔ Security event types
 ✔ Token hash is sha 256
 ✔ Same token same hash
 ✔ Different tokens different hashes

Auth Validate (tests\unit\AuthValidate)
 ✔ Valid login data returns no errors
 ✔ Missing username returns error
 ✔ Missing password returns error
 ✔ Missing store id returns error
 ✔ Missing workstation id returns error
 ✔ All fields missing returns all errors
 ✔ Empty string fields return errors
 ✔ Valid password reset returns no errors
 ✔ Missing old password returns error
 ✔ Missing new password returns error
 ✔ Both passwords missing returns all errors

Cleansing Api (tests\api\CleansingApi)
 ✔ Batch import requires auth
 ✔ List batches requires auth
 ✔ Manual review queue requires auth
 ✔ Admin can import batch
 ✔ Admin can list batches
 ✔ Admin can view manual review queue
 ✔ Approve non existent batch returns 404
 ✔ Rollback non existent batch returns 404
 ✔ Manager cannot approve batch
 ✔ Import and approve batch lifecycle
 ✔ Rollback restores journal invariants
 ✔ Rollback from terminal state is rejected

Cleansing Isolation (tests\api\CleansingIsolation)
 ↩ Store 2 manager cannot see store 1 batches
 ↩ Cross store preview blocked
 ✔ Batch list scoped by store
 ✔ Review queue scoped by store
 ✔ Store 1 manager cannot see store 2 review items

Cleansing Normalization (tests\unit\CleansingNormalization)
 ✔ Job title senior abbreviation
 ✔ Job title junior abbreviation
 ✔ Job title s w e expansion
 ✔ Job title whitespace normalization
 ✔ Job title manager abbreviation
 ✔ Company normalization removes inc
 ✔ Company normalization removes l l c
 ✔ Company normalization case normalized
 ✔ Company normalization removes corp
 ✔ Salary with k suffix
 ✔ Salary with m suffix
 ✔ Salary numeric only
 ✔ Salary already clean
 ✔ Education b s
 ✔ Education m s
 ✔ Education ph d
 ✔ Education high school
 ✔ Deterministic output
 ✔ Normalize row pipeline

Cleansing Workflow (tests\unit\CleansingWorkflow)
 ✔ Normalize job title senior abbr
 ✔ Normalize job title junior abbr
 ✔ Normalize job title s w e
 ✔ Normalize job title whitespace
 ✔ Normalize job title manager
 ✔ Normalize company removes inc
 ✔ Normalize company removes l l c
 ✔ Normalize company case normalized
 ✔ Normalize company removes corp
 ✔ Normalize city trims and capitalizes
 ✔ Normalize city collapses whitespace
 ✔ Normalize salary with k suffix
 ✔ Normalize salary with m suffix
 ✔ Normalize salary numeric only
 ✔ Normalize salary already clean
 ✔ Normalize education b s
 ✔ Normalize education m s
 ✔ Normalize education ph d
 ✔ Normalize education high school
 ✔ Normalize education g e d
 ✔ Normalize experience years
 ✔ Normalize experience yrs
 ✔ Normalize experience range
 ✔ Normalize experience plus
 ✔ Dedupe key is deterministic
 ✔ Dedupe key is case insensitive
 ✔ Dedupe key differs for different data
 ✔ Dedupe key is sha 256
 ✔ Fully populated row high confidence
 ✔ Empty row low confidence
 ✔ Non numeric salary reduces confidence
 ✔ Confidence below 07 requires review
 ✔ Normalize row full pipeline
 ✔ Normalize row deterministic
 ✔ Approve only from pending review
 ✔ Rollback from pending or approved
 ✔ Administrator required for approval

Confidence Score (tests\unit\ConfidenceScore)
 ✔ High confidence
 ✔ Medium confidence
 ✔ Low confidence
 ✔ Boundary exactly 085
 ✔ Boundary exactly 060
 ✔ Boundary just below 085
 ✔ Boundary just below 060
 ✔ Weighted score computation
 ✔ Low consistency drives low confidence

Contract (tests\api\Contract)
 ✔ Coupon validate accepts code and order id
 ✔ Coupon validate without order id is rejected
 ✔ Open drawer accepts open amount
 ✔ Open drawer rejects opening balance
 ✔ Cross store drawer close reopen blocked
 ✔ Cross store drawer close blocked
 ✔ Non admin cannot override dashboard store id
 ✔ Non admin cannot override environmental store id

Coupon Validation (tests\unit\CouponValidation)
 ✔ Fixed discount basic
 ✔ Fixed discount capped at subtotal
 ✔ Fixed discount exactly equals subtotal
 ✔ Percent discount 10 percent
 ✔ Percent discount 50 percent
 ✔ Percent discount uses round half up
 ✔ Unknown discount type returns zero
 ✔ Inactive coupon detection
 ✔ Expired coupon detection
 ✔ Future coupon not yet valid
 ✔ Store scope null allows all stores
 ✔ Store scope mismatch detected
 ✔ Min spend enforced
 ✔ Min spend met
 ✔ Discount applied before tax

Dashboard Api (tests\api\DashboardApi)
 ✔ Operations requires auth
 ✔ Analytics requires auth
 ✔ Csv export requires auth
 ✔ Customer cannot access operations
 ✔ Admin can access operations
 ✔ Manager can access operations
 ✔ Admin can access analytics
 ✔ Csv export returns data
 ✔ Operations csv export has expected content type and schema
 ✔ Operations csv export rejects non privileged roles
 ✔ Operations with invalid date returns error

Dashboard Scope (tests\api\DashboardScope)
 ↩ Analytics content quality scoped by store
 ↩ Non admin cannot override analytics store id

Date Parsing (tests\unit\DateParsing)
 ✔ Valid date parsing
 ✔ Leap year date
 ✔ Invalid leap year
 ✔ Invalid format
 ✔ Invalid month
 ✔ Invalid day
 ✔ Single digit month day
 ✔ End of month
 ✔ Empty string

Discrepancy Threshold (tests\unit\DiscrepancyThreshold)
 ✔ Default threshold is 1 dollar
 ✔ No discrepancy when equal
 ✔ No discrepancy at exact boundary
 ✔ Discrepancy just over boundary
 ✔ Discrepancy large variance
 ✔ Expected total formula
 ✔ Negative variance over count
 ✔ Small amounts follow same rule
 ✔ Refunds reduce expected
 ✔ Rounding via shipped order service

Encryption Rotation (tests\unit\EncryptionRotation)
 ✔ Encrypt with explicit key version
 ✔ Data encrypted under old key readable after new key exists
 ✔ Re encrypt changes key version
 ✔ Rotate key returns true
 ✔ After rotation new encryptions use updated key version
 ✔ Different versions produce different ciphertext

Encryption Service (tests\unit\EncryptionService)
 ✔ Encrypt returns json payload
 ✔ Decrypt recovers original plaintext
 ✔ Roundtrip with special characters
 ✔ Roundtrip with empty string
 ✔ Roundtrip with unicode characters
 ✔ Get key version from encrypted payload
 ✔ Get key version from different version
 ✔ Get key version returns null for invalid payload
 ✔ Get key version returns null for missing version field
 ✔ Decrypt returns empty string for invalid payload
 ✔ Decrypt returns empty string for missing fields
 ✔ Encrypt produces different ciphertext each time
 ✔ Encrypt uses specified key version
 ✔ Rotate key returns true
 ✔ Long plaintext encrypts and decrypts

Environmental Api (tests\api\EnvironmentalApi)
 ✔ Import csv requires auth
 ✔ Sensor feed requires auth
 ✔ Aligned buckets requires auth
 ✔ Derived metrics requires auth
 ✔ Lineage requires auth
 ✔ Formulas requires auth
 ↩ Customer cannot import csv
 ✔ Admin can import csv
 ✔ Admin can view aligned buckets
 ✔ Admin can view derived metrics
 ✔ Admin can view formulas
 ✔ Lineage not found returns 404
 ✔ Create formula shows up in listing
 ✔ Create formula validation error
 ✔ Patch formula updates and persists
 ✔ Read formula by id returns persisted row
 ✔ Read formula by id returns 404 when missing

Environmental Compute (tests\api\EnvironmentalCompute)
 ✔ Align buckets requires auth
 ✔ Align buckets admin can access
 ✔ Compute derived metrics requires auth
 ✔ Compute derived metrics admin can access
 ↩ Customer cannot align buckets
 ✔ Lineage cross store blocked for non admin
 ✔ Lineage records formula version for computed metric
 ✔ Computed results consistent across runs

Environmental Helpers (tests\unit\EnvironmentalHelpers)
 ✔ Consistency single value returns 1
 ✔ Consistency identical values returns 1
 ✔ Consistency close values high score
 ✔ Consistency wide values lower score
 ✔ Consistency zero mean returns 1
 ✔ Alignment empty records returns 0
 ✔ Alignment perfect alignment returns 1
 ✔ Alignment half bucket drift returns half
 ✔ Alignment beyond bucket returns 0
 ✔ Weighted median odd count
 ✔ Weighted median even count
 ✔ Weighted median single value
 ✔ Weighted median two values
 ✔ Weighted median unsorted input
 ✔ Confidence label high
 ✔ Confidence label medium
 ✔ Confidence label low
 ✔ Normalize temp comfort range
 ✔ Normalize temp extreme hot
 ✔ Normalize temp extreme cold
 ✔ Normalize temp below comfort
 ✔ Normalize temp above comfort
 ✔ Normalize humidity comfort range
 ✔ Normalize humidity too low
 ✔ Normalize humidity too high
 ✔ Normalize humidity below comfort
 ✔ Normalize humidity above comfort
 ✔ Normalize air quality good
 ✔ Normalize air quality dangerous
 ✔ Normalize air quality moderate
 ✔ Comfort index all perfect
 ✔ Comfort index weighted correctly
 ✔ Confidence score high composite

Event Api (tests\api\EventApi)
 ✔ List events requires auth
 ✔ Create event requires auth
 ✔ Track event requires auth
 ✔ Admin can list events
 ✔ Admin can create event
 ✔ Manager can list events
 ✔ Manager cannot create event
 ✔ Any authenticated user can track event
 ✔ Get event not found
 ✔ Delete event requires admin
 ✔ Patch event updates fields
 ✔ Patch event rejected for non admin
 ✔ Patch event missing returns not found

Experiment Api (tests\api\ExperimentApi)
 ✔ List experiments requires auth
 ✔ Create experiment requires auth
 ✔ Admin can list experiments
 ✔ Non admin cannot list experiments
 ✔ Create and start and stop experiment
 ✔ Start non existent experiment returns 404
 ✔ Stop non existent experiment returns 404
 ✔ Cannot start running experiment
 ✔ Get assignments requires auth
 ✔ Admin can view assignments for created experiment
 ✔ Runtime assignment returns variant payload
 ✔ Runtime assignment for stopped experiment falls back to control
 ✔ Runtime assignment requires auth
 ✔ Read experiment by id returns full record
 ✔ Read experiment by id returns 404 when missing
 ✔ Patch experiment updates field and persists
 ✔ Patch experiment rejected for non admin

Experiment Assignment (tests\unit\ExperimentAssignment)
 ✔ Crc 32 is deterministic
 ✔ Same sticky key always returns same bucket
 ✔ Different sticky keys return different buckets
 ✔ Bucket always in range 0 to 9999
 ✔ Different experiment id produces different bucket
 ✔ Holdout 10 percent threshold
 ✔ Holdout boundary exact
 ✔ Variant assignment control
 ✔ Variant assignment treatment
 ✔ Traffic plus holdout equals 100
 ✔ Distribution approximately uniform
 ✔ Order service round half up
 ✔ Order service calculate subtotal
 ✔ Default 14 day duration

Finance Api (tests\api\FinanceApi)
 ✔ Open drawer requires auth
 ✔ Daily drawer requires auth
 ✔ Exceptions requires auth
 ✔ Reopen denied for finance role
 ✔ Open drawer with unique date
 ✔ Get reconciliation exceptions
 ✔ Close and reopen lifecycle
 ✔ Reopen with empty reason rejected
 ✔ Close with discrepancy
 ✔ Get statement after close
 ✔ Reconciliation statement csv export
 ✔ Reconciliation statement csv requires auth

Lockout Progression (tests\api\LockoutProgression)
 ✔ Lockout after five failed attempts

Log Redaction (tests\unit\LogRedaction)
 ✔ Password field redacted
 ✔ Token field redacted
 ✔ Taxpayer id redacted
 ✔ Nested data redacted
 ✔ Non sensitive data preserved
 ✔ S s n pattern redacted
 ✔ Key material redacted

Log Redaction Integration (tests\api\LogRedactionIntegration)
 ✔ Direct logger call redacts password in emitted log file
 ✔ Redaction survives nested context structures
 ✔ Login round trip does not leak password to log

Order Api (tests\api\OrderApi)
 ✔ Create order as front desk
 ✔ Create order as customer
 ✔ Technician cannot create order
 ✔ List orders with pagination
 ✔ Get order not found
 ✔ Cancel order requires reason
 ✔ Technician cannot alter pricing
 ✔ Cross store access denied
 ✔ Order full lifecycle
 ✔ Invalid state transition
 ✔ Apply coupon on foreign order returns 403
 ✔ Apply valid coupon discounts order
 ✔ Apply invalid coupon is rejected
 ✔ Apply coupon missing code fails

Order State Machine (tests\unit\OrderStateMachine)
 ✔ Draft can transition to confirmed
 ✔ Draft can transition to cancelled
 ✔ Confirmed can transition to assigned
 ✔ Assigned can transition to in progress
 ✔ In progress can transition to completed
 ✔ Completed is terminal
 ✔ Cancelled is terminal
 ✔ Cannot transition from completed to cancelled
 ✔ Cannot transition from cancelled to anything
 ✔ Cannot skip to completed
 ✔ Cannot reverse transition
 ✔ All pre completion states allow cancellation
 ✔ Valid transition sequence
 ✔ Calculate subtotal via shipped method
 ✔ Round half up via shipped method
 ✔ Parse m m d d y y y y via shipped method

Order Validate (tests\unit\OrderValidate)
 ✔ Valid create data returns no errors
 ✔ Missing customer name returns error
 ✔ Empty items array returns error
 ✔ Missing items field returns error
 ✔ Item missing service code returns error
 ✔ Item missing service name returns error
 ✔ Item zero qty returns error
 ✔ Item negative price returns error
 ✔ Invoice requested requires all invoice fields
 ✔ Invoice not requested does not require invoice fields
 ✔ Invalid channel returns error
 ✔ Valid channel kiosk accepted
 ✔ Valid cancel returns no errors
 ✔ Empty reason returns error
 ✔ Whitespace only reason returns error
 ✔ Valid assign technician returns no errors
 ✔ Missing technician id returns error
 ✔ Valid work note returns no errors
 ✔ Empty work note returns error

Password Policy (tests\unit\PasswordPolicy)
 ✔ Valid password
 ✔ Too short
 ✔ No uppercase
 ✔ No lowercase
 ✔ No digit
 ✔ No special char
 ✔ Exactly 12 characters
 ✔ Empty password
 ✔ Password hash and verify

Payment Api (tests\api\PaymentApi)
 ✔ Record payment requires auth
 ✔ Process refund requires auth
 ✔ Customer cannot record payment
 ✔ Technician cannot record payment
 ✔ Record cash payment success
 ✔ Record card present payment
 ✔ Record house account payment
 ✔ Invalid tender type rejected
 ✔ Zero amount rejected
 ✔ Negative amount rejected
 ✔ Payment on non existent order returns 404
 ✔ Refund with invalid payment id rejected
 ✔ Refund on non existent order returns 404
 ✔ Amount due decreases after payment

Payment Validate (tests\unit\PaymentValidate)
 ✔ Valid payment returns no errors
 ✔ Missing tender type returns error
 ✔ Invalid tender type returns error
 ✔ Cash tender accepted
 ✔ Card present recorded accepted
 ✔ House account accepted
 ✔ Zero amount returns error
 ✔ Negative amount returns error
 ✔ Non numeric amount returns error
 ✔ Missing amount returns error
 ✔ Valid refund returns no errors
 ✔ Missing original payment id returns error
 ✔ Missing refund amount returns error
 ✔ Missing refund reason returns error
 ✔ Whitespace only reason returns error
 ✔ All refund fields missing returns all errors

Pricing Engine (tests\unit\PricingEngine)
 ✔ Calculate subtotal single item
 ✔ Calculate subtotal multiple items
 ✔ Calculate subtotal empty items
 ✔ Round half up standard case
 ✔ Round half up boundary
 ✔ Round half up zero
 ✔ Round half up large value
 ✔ Pricing chain correct order
 ✔ Pricing with percent discount
 ✔ Amount due never negative
 ✔ Amount due partial payment
 ✔ Two decimal precision enforced

Rbac Api (tests\api\RbacApi)
 ✔ Customer cannot access admin
 ✔ Technician cannot access admin
 ✔ Front desk cannot access admin
 ✔ Admin can access admin
 ✔ Customer cannot access finance
 ✔ Technician cannot access finance
 ✔ Finance can access finance
 ✔ Customer cannot access dashboard
 ✔ Manager can access dashboard
 ✔ Non admin cannot manage experiments
 ✔ Admin can manage experiments
 ✔ Manager cannot approve batch
 ✔ Finance cannot reopen drawer
 ✔ Non admin cannot view security events
 ✔ Admin can view security events
 ✔ Manager can view audit logs
 ✔ Front desk cannot view audit logs
 ✔ Customer cannot access environmental
 ✔ Admin can access environmental
 ✔ Technician cannot create orders

Rbac Write (tests\api\RbacWrite)
 ✔ Customer cannot create user
 ✔ Tech cannot rotate key
 ✔ Manager cannot create experiment
 ✔ Manager cannot start experiment
 ✔ Finance cannot create event
 ✔ Front desk cannot create announcement
 ✔ Customer cannot delete announcement
 ✔ Manager cannot rollback batch
 ✔ Customer cannot align buckets
 ✔ Customer cannot compute metrics
 ✔ Manager cannot align foreign store
 ✔ Manager cannot compute foreign store
 ✔ Tech cannot record payment
 ✔ Finance cannot reopen
 ✔ Admin can create announcement and body has resource fields
 ✔ Front desk can create order and body has resource fields

Response Helper (tests\unit\ResponseHelper)
 ✔ Success response structure
 ✔ Success with custom status code
 ✔ Success with null data
 ✔ Paginated response structure
 ✔ Error response structure
 ✔ Error response with fields
 ✔ Error response without fields omits key
 ✔ Validation error helper
 ✔ Unauthorized helper
 ✔ Forbidden helper
 ✔ Not found helper
 ✔ Conflict helper
 ✔ Internal error helper
 ✔ Custom unauthorized message
 ✔ Request id is consistent within same request

Route Controller Contract (tests\unit\RouteControllerContract)
 ✔ All route actions map to existing controller methods
 ✔ No duplicate routes

Store Isolation (tests\api\StoreIsolation)
 ✔ Store 2 tech cannot see store 1 order
 ✔ Store 2 frontdesk only sees store 2 orders
 ✔ Admin can see all store orders
 ✔ Store 2 cannot validate coupon for store 1 order
 ✔ Store 2 cannot apply coupon to store 1 order
 ✔ Store 2 can validate and apply coupon on own order
 ✔ Store 2 frontdesk cannot cancel store 1 order
 ✔ Store 2 frontdesk cannot assign technician on store 1 order
 ✔ Store 2 frontdesk cannot update store 1 order
 ✔ Store 2 frontdesk cannot confirm store 1 order
 ✔ Store 2 user cannot complete store 1 order
 ↩ Store 2 manager cannot read store 1 announcement
 ↩ Store 2 manager list does not include store 1 announcements
 ↩ Non admin list ignores supplied store id filter
 ↩ Store 2 manager cannot update store 1 announcement
 ↩ Store 2 admin style delete of store 1 announcement denied
 ✔ Store 2 cannot pay for store 1 order
 ✔ Finance drawer scoped to user store
 ✔ Dashboard metrics scoped to user store
 ✔ Environmental buckets scoped to user store

1 test triggered 1 PHP warning:

1) /app/tests/api/AuditImmutabilityTest.php:20
Undefined global variable $__audit_immut_boot

Triggered by:

* tests\api\AuditImmutabilityTest::testDirectUpdateOnOperationLogsIsRejected
  /app/tests/api/AuditImmutabilityTest.php:46

OK, but there were issues!
Tests: 555, Assertions: 1704, Warnings: 1, PHPUnit Deprecations: 1, Skipped: 11.

================================================================
  PHP built-in server log
================================================================
[Sun Apr 19 12:14:58 2026] 127.0.0.1:43974 Accepted
[Sun Apr 19 12:14:58 2026] 127.0.0.1:43974 Closing
[Sun Apr 19 12:14:58 2026] 127.0.0.1:43980 Accepted
[Sun Apr 19 12:14:58 2026] 127.0.0.1:43980 Closing
[Sun Apr 19 12:14:58 2026] 127.0.0.1:43988 Accepted
[Sun Apr 19 12:14:58 2026] 127.0.0.1:43988 Closing
[Sun Apr 19 12:14:58 2026] 127.0.0.1:43990 Accepted
[Sun Apr 19 12:14:59 2026] 127.0.0.1:43990 Closing
[Sun Apr 19 12:14:59 2026] 127.0.0.1:43992 Accepted
[Sun Apr 19 12:14:59 2026] 127.0.0.1:43992 Closing
[Sun Apr 19 12:14:59 2026] 127.0.0.1:44002 Accepted
[Sun Apr 19 12:14:59 2026] 127.0.0.1:44002 Closing
[Sun Apr 19 12:14:59 2026] 127.0.0.1:44010 Accepted
[Sun Apr 19 12:14:59 2026] 127.0.0.1:44010 Closing
[Sun Apr 19 12:14:59 2026] 127.0.0.1:44018 Accepted
[Sun Apr 19 12:14:59 2026] 127.0.0.1:44018 Closing
[Sun Apr 19 12:14:59 2026] 127.0.0.1:44022 Accepted
[Sun Apr 19 12:14:59 2026] 127.0.0.1:44022 Closing
[Sun Apr 19 12:14:59 2026] 127.0.0.1:44032 Accepted
[Sun Apr 19 12:14:59 2026] 127.0.0.1:44032 Closing
[Sun Apr 19 12:14:59 2026] 127.0.0.1:44044 Accepted
[Sun Apr 19 12:14:59 2026] 127.0.0.1:44044 Closing
[Sun Apr 19 12:14:59 2026] 127.0.0.1:44048 Accepted
[Sun Apr 19 12:14:59 2026] 127.0.0.1:44048 Closing
[Sun Apr 19 12:14:59 2026] 127.0.0.1:44052 Accepted
[Sun Apr 19 12:14:59 2026] 127.0.0.1:44052 Closing
[Sun Apr 19 12:14:59 2026] 127.0.0.1:44056 Accepted
[Sun Apr 19 12:15:00 2026] 127.0.0.1:44056 Closing
[Sun Apr 19 12:15:00 2026] 127.0.0.1:44058 Accepted
[Sun Apr 19 12:15:00 2026] 127.0.0.1:44058 Closing
[Sun Apr 19 12:15:00 2026] 127.0.0.1:44062 Accepted
[Sun Apr 19 12:15:00 2026] 127.0.0.1:44062 Closing
[Sun Apr 19 12:15:00 2026] 127.0.0.1:44076 Accepted
[Sun Apr 19 12:15:00 2026] 127.0.0.1:44076 Closing
[Sun Apr 19 12:15:00 2026] 127.0.0.1:44078 Accepted
[Sun Apr 19 12:15:00 2026] 127.0.0.1:44078 Closing
[Sun Apr 19 12:15:00 2026] 127.0.0.1:44086 Accepted
[Sun Apr 19 12:15:00 2026] 127.0.0.1:44086 Closing
[Sun Apr 19 12:15:00 2026] 127.0.0.1:44088 Accepted
[Sun Apr 19 12:15:00 2026] 127.0.0.1:44088 Closing
[Sun Apr 19 12:15:00 2026] 127.0.0.1:44094 Accepted
[Sun Apr 19 12:15:00 2026] 127.0.0.1:44094 Closing
[Sun Apr 19 12:15:00 2026] 127.0.0.1:44098 Accepted
[Sun Apr 19 12:15:00 2026] 127.0.0.1:44098 Closing
[Sun Apr 19 12:15:00 2026] 127.0.0.1:44112 Accepted
[Sun Apr 19 12:15:00 2026] 127.0.0.1:44112 Closing
[Sun Apr 19 12:15:00 2026] 127.0.0.1:44128 Accepted
[Sun Apr 19 12:15:00 2026] 127.0.0.1:44128 Closing
[Sun Apr 19 12:15:00 2026] 127.0.0.1:44130 Accepted
[Sun Apr 19 12:15:00 2026] 127.0.0.1:44130 Closing
[Sun Apr 19 12:15:00 2026] 127.0.0.1:44146 Accepted
[Sun Apr 19 12:15:01 2026] 127.0.0.1:44146 Closing
[Sun Apr 19 12:15:01 2026] 127.0.0.1:44160 Accepted
[Sun Apr 19 12:15:01 2026] 127.0.0.1:44160 Closing
[Sun Apr 19 12:15:01 2026] 127.0.0.1:44174 Accepted
[Sun Apr 19 12:15:01 2026] 127.0.0.1:44174 Closing
[Sun Apr 19 12:15:01 2026] 127.0.0.1:44190 Accepted
[Sun Apr 19 12:15:01 2026] 127.0.0.1:44190 Closing
[Sun Apr 19 12:15:01 2026] 127.0.0.1:44200 Accepted
[Sun Apr 19 12:15:01 2026] 127.0.0.1:44200 Closing
[Sun Apr 19 12:15:01 2026] 127.0.0.1:44210 Accepted
[Sun Apr 19 12:15:01 2026] 127.0.0.1:44210 Closing
[Sun Apr 19 12:15:01 2026] 127.0.0.1:44212 Accepted
[Sun Apr 19 12:15:01 2026] 127.0.0.1:44212 Closing
[Sun Apr 19 12:15:01 2026] 127.0.0.1:44228 Accepted
[Sun Apr 19 12:15:01 2026] 127.0.0.1:44228 Closing
[Sun Apr 19 12:15:01 2026] 127.0.0.1:44242 Accepted
[Sun Apr 19 12:15:01 2026] 127.0.0.1:44242 Closing
[Sun Apr 19 12:15:01 2026] 127.0.0.1:44250 Accepted
[Sun Apr 19 12:15:01 2026] 127.0.0.1:44250 Closing
[Sun Apr 19 12:15:01 2026] 127.0.0.1:44252 Accepted
[Sun Apr 19 12:15:02 2026] 127.0.0.1:44252 Closing
[Sun Apr 19 12:15:02 2026] 127.0.0.1:44264 Accepted
[Sun Apr 19 12:15:02 2026] 127.0.0.1:44264 Closing
[Sun Apr 19 12:15:02 2026] 127.0.0.1:44272 Accepted
[Sun Apr 19 12:15:02 2026] 127.0.0.1:44272 Closing
[Sun Apr 19 12:15:02 2026] 127.0.0.1:44278 Accepted
[Sun Apr 19 12:15:02 2026] 127.0.0.1:44278 Closing
[Sun Apr 19 12:15:02 2026] 127.0.0.1:44288 Accepted
[Sun Apr 19 12:15:02 2026] 127.0.0.1:44288 Closing
[Sun Apr 19 12:15:02 2026] 127.0.0.1:44296 Accepted
[Sun Apr 19 12:15:02 2026] 127.0.0.1:44296 Closing
[Sun Apr 19 12:15:02 2026] 127.0.0.1:44306 Accepted
[Sun Apr 19 12:15:03 2026] 127.0.0.1:44306 Closing
[Sun Apr 19 12:15:03 2026] 127.0.0.1:44318 Accepted
[Sun Apr 19 12:15:03 2026] 127.0.0.1:44318 Closing
[Sun Apr 19 12:15:03 2026] 127.0.0.1:44328 Accepted
[Sun Apr 19 12:15:03 2026] 127.0.0.1:44328 Closing
[Sun Apr 19 12:15:03 2026] 127.0.0.1:44338 Accepted
[Sun Apr 19 12:15:03 2026] 127.0.0.1:44338 Closing
[Sun Apr 19 12:15:03 2026] 127.0.0.1:44346 Accepted
[Sun Apr 19 12:15:03 2026] 127.0.0.1:44346 Closing
[Sun Apr 19 12:15:03 2026] 127.0.0.1:44354 Accepted
[Sun Apr 19 12:15:03 2026] 127.0.0.1:44354 Closing
[Sun Apr 19 12:15:03 2026] 127.0.0.1:44358 Accepted
[Sun Apr 19 12:15:03 2026] 127.0.0.1:44358 Closing
[Sun Apr 19 12:15:03 2026] 127.0.0.1:44360 Accepted
[Sun Apr 19 12:15:04 2026] 127.0.0.1:44360 Closing
[Sun Apr 19 12:15:04 2026] 127.0.0.1:44370 Accepted
[Sun Apr 19 12:15:04 2026] 127.0.0.1:44370 Closing
[Sun Apr 19 12:15:04 2026] 127.0.0.1:44380 Accepted
[Sun Apr 19 12:15:04 2026] 127.0.0.1:44380 Closing
[Sun Apr 19 12:15:04 2026] 127.0.0.1:44384 Accepted
[Sun Apr 19 12:15:04 2026] 127.0.0.1:44384 Closing
[Sun Apr 19 12:15:04 2026] 127.0.0.1:44398 Accepted
[Sun Apr 19 12:15:04 2026] 127.0.0.1:44398 Closing
[Sun Apr 19 12:15:04 2026] 127.0.0.1:44410 Accepted
[Sun Apr 19 12:15:05 2026] 127.0.0.1:44410 Closing
[Sun Apr 19 12:15:05 2026] 127.0.0.1:44424 Accepted
[Sun Apr 19 12:15:05 2026] 127.0.0.1:44424 Closing
[Sun Apr 19 12:15:05 2026] 127.0.0.1:44440 Accepted
[Sun Apr 19 12:15:05 2026] 127.0.0.1:44440 Closing
[Sun Apr 19 12:15:05 2026] 127.0.0.1:44452 Accepted
[Sun Apr 19 12:15:05 2026] 127.0.0.1:44452 Closing
[Sun Apr 19 12:15:05 2026] 127.0.0.1:44466 Accepted
[Sun Apr 19 12:15:05 2026] 127.0.0.1:44466 Closing
[Sun Apr 19 12:15:05 2026] 127.0.0.1:44478 Accepted
[Sun Apr 19 12:15:05 2026] 127.0.0.1:44478 Closing
[Sun Apr 19 12:15:05 2026] 127.0.0.1:44484 Accepted
[Sun Apr 19 12:15:06 2026] 127.0.0.1:44484 Closing
[Sun Apr 19 12:15:06 2026] 127.0.0.1:44500 Accepted
[Sun Apr 19 12:15:06 2026] 127.0.0.1:44500 Closing
[Sun Apr 19 12:15:06 2026] 127.0.0.1:44504 Accepted
[Sun Apr 19 12:15:06 2026] 127.0.0.1:44504 Closing
[Sun Apr 19 12:15:06 2026] 127.0.0.1:44514 Accepted
[Sun Apr 19 12:15:06 2026] 127.0.0.1:44514 Closing
[Sun Apr 19 12:15:06 2026] 127.0.0.1:44518 Accepted
[Sun Apr 19 12:15:06 2026] 127.0.0.1:44518 Closing
[Sun Apr 19 12:15:06 2026] 127.0.0.1:34744 Accepted
[Sun Apr 19 12:15:06 2026] 127.0.0.1:34744 Closing
[Sun Apr 19 12:15:06 2026] 127.0.0.1:34752 Accepted
[Sun Apr 19 12:15:06 2026] 127.0.0.1:34752 Closing
[Sun Apr 19 12:15:06 2026] 127.0.0.1:34766 Accepted
[Sun Apr 19 12:15:07 2026] 127.0.0.1:34766 Closing
[Sun Apr 19 12:15:07 2026] 127.0.0.1:34776 Accepted
[Sun Apr 19 12:15:07 2026] 127.0.0.1:34776 Closing
[Sun Apr 19 12:15:07 2026] 127.0.0.1:34788 Accepted
[Sun Apr 19 12:15:07 2026] 127.0.0.1:34788 Closing
[Sun Apr 19 12:15:07 2026] 127.0.0.1:34800 Accepted
[Sun Apr 19 12:15:07 2026] 127.0.0.1:34800 Closing
[Sun Apr 19 12:15:07 2026] 127.0.0.1:34810 Accepted
[Sun Apr 19 12:15:07 2026] 127.0.0.1:34810 Closing
[Sun Apr 19 12:15:07 2026] 127.0.0.1:34826 Accepted
[Sun Apr 19 12:15:07 2026] 127.0.0.1:34826 Closing
[Sun Apr 19 12:15:07 2026] 127.0.0.1:34840 Accepted
[Sun Apr 19 12:15:07 2026] 127.0.0.1:34840 Closing
[Sun Apr 19 12:15:07 2026] 127.0.0.1:34842 Accepted
[Sun Apr 19 12:15:07 2026] 127.0.0.1:34842 Closing
[Sun Apr 19 12:15:07 2026] 127.0.0.1:34850 Accepted
[Sun Apr 19 12:15:08 2026] 127.0.0.1:34850 Closing
[Sun Apr 19 12:15:08 2026] 127.0.0.1:34864 Accepted
[Sun Apr 19 12:15:08 2026] 127.0.0.1:34864 Closing
[Sun Apr 19 12:15:08 2026] 127.0.0.1:34876 Accepted
[Sun Apr 19 12:15:08 2026] 127.0.0.1:34876 Closing
[Sun Apr 19 12:15:08 2026] 127.0.0.1:34880 Accepted
[Sun Apr 19 12:15:08 2026] 127.0.0.1:34880 Closing
[Sun Apr 19 12:15:08 2026] 127.0.0.1:34894 Accepted
[Sun Apr 19 12:15:08 2026] 127.0.0.1:34894 Closing
[Sun Apr 19 12:15:08 2026] 127.0.0.1:34900 Accepted
[Sun Apr 19 12:15:08 2026] 127.0.0.1:34900 Closing
[Sun Apr 19 12:15:08 2026] 127.0.0.1:34906 Accepted
[Sun Apr 19 12:15:09 2026] 127.0.0.1:34906 Closing
[Sun Apr 19 12:15:09 2026] 127.0.0.1:34922 Accepted
[Sun Apr 19 12:15:09 2026] 127.0.0.1:34922 Closing
[Sun Apr 19 12:15:09 2026] 127.0.0.1:34930 Accepted
[Sun Apr 19 12:15:09 2026] 127.0.0.1:34930 Closing
[Sun Apr 19 12:15:09 2026] 127.0.0.1:34932 Accepted
[Sun Apr 19 12:15:09 2026] 127.0.0.1:34932 Closing
[Sun Apr 19 12:15:09 2026] 127.0.0.1:34934 Accepted
[Sun Apr 19 12:15:09 2026] 127.0.0.1:34934 Closing
[Sun Apr 19 12:15:09 2026] 127.0.0.1:34942 Accepted
[Sun Apr 19 12:15:09 2026] 127.0.0.1:34942 Closing
[Sun Apr 19 12:15:09 2026] 127.0.0.1:34950 Accepted
[Sun Apr 19 12:15:09 2026] 127.0.0.1:34950 Closing
[Sun Apr 19 12:15:09 2026] 127.0.0.1:34952 Accepted
[Sun Apr 19 12:15:09 2026] 127.0.0.1:34952 Closing
[Sun Apr 19 12:15:09 2026] 127.0.0.1:34968 Accepted
[Sun Apr 19 12:15:09 2026] 127.0.0.1:34968 Closing
[Sun Apr 19 12:15:09 2026] 127.0.0.1:34972 Accepted
[Sun Apr 19 12:15:09 2026] 127.0.0.1:34972 Closing
[Sun Apr 19 12:15:09 2026] 127.0.0.1:34982 Accepted
[Sun Apr 19 12:15:09 2026] 127.0.0.1:34982 Closing
[Sun Apr 19 12:15:09 2026] 127.0.0.1:34998 Accepted
[Sun Apr 19 12:15:10 2026] 127.0.0.1:34998 Closing
[Sun Apr 19 12:15:10 2026] 127.0.0.1:35004 Accepted
[Sun Apr 19 12:15:10 2026] 127.0.0.1:35004 Closing
[Sun Apr 19 12:15:10 2026] 127.0.0.1:35016 Accepted
[Sun Apr 19 12:15:10 2026] 127.0.0.1:35016 Closing
[Sun Apr 19 12:15:10 2026] 127.0.0.1:35032 Accepted
[Sun Apr 19 12:15:10 2026] 127.0.0.1:35032 Closing
[Sun Apr 19 12:15:10 2026] 127.0.0.1:35038 Accepted
[Sun Apr 19 12:15:10 2026] 127.0.0.1:35038 Closing
[Sun Apr 19 12:15:10 2026] 127.0.0.1:35046 Accepted
[Sun Apr 19 12:15:10 2026] 127.0.0.1:35046 Closing
[Sun Apr 19 12:15:10 2026] 127.0.0.1:35056 Accepted
[Sun Apr 19 12:15:10 2026] 127.0.0.1:35056 Closing
[Sun Apr 19 12:15:10 2026] 127.0.0.1:35072 Accepted
[Sun Apr 19 12:15:10 2026] 127.0.0.1:35072 Closing
[Sun Apr 19 12:15:10 2026] 127.0.0.1:35086 Accepted
[Sun Apr 19 12:15:10 2026] 127.0.0.1:35086 Closing

================================================================
  PHP error_log (uncaught errors)
================================================================
(/tmp/php-errors.log not found)

================================================================
  Application log (storage/logs)
================================================================
--- storage/logs/app_2026-04-19.log ---
[2026-04-19T20:14:48.000+08:00][INFO][order][create] Order created: ORD-20260419201448-BC8483 {"order_id":6,"store_id":1}
[2026-04-19T20:14:48.000+08:00][AUDIT][audit][operation] Audit log created: order.create on order {"audit_log_id":77,"action":"order.create","entity_type":"order","entity_id":"6"}
[2026-04-19T20:14:48.000+08:00][SECURITY][security][login_success] User logged in successfully {"user_id":6,"store_id":1,"workstation_id":3}
[2026-04-19T20:14:48.000+08:00][INFO][order][create] Order created: ORD-20260419201448-E44F86 {"order_id":7,"store_id":1}
[2026-04-19T20:14:48.000+08:00][AUDIT][audit][operation] Audit log created: order.create on order {"audit_log_id":78,"action":"order.create","entity_type":"order","entity_id":"7"}
[2026-04-19T20:14:48.000+08:00][SECURITY][security][login_success] User logged in successfully {"user_id":3,"store_id":1,"workstation_id":2}
[2026-04-19T20:14:48.000+08:00][SECURITY][security][access_denied] Role-based access denied {"user_id":3,"user_roles":["technician"],"required_roles":["customer","front_desk","administrator"],"path":"api\/v1\/orders","method":"POST"}
[2026-04-19T20:14:48.000+08:00][SECURITY][security][login_success] User logged in successfully {"user_id":2,"store_id":1,"workstation_id":1}
[2026-04-19T20:14:48.000+08:00][SECURITY][security][login_success] User logged in successfully {"user_id":2,"store_id":1,"workstation_id":1}
[2026-04-19T20:14:49.000+08:00][SECURITY][security][login_success] User logged in successfully {"user_id":2,"store_id":1,"workstation_id":1}
[2026-04-19T20:14:49.000+08:00][INFO][order][create] Order created: ORD-20260419201449-DCC66B {"order_id":8,"store_id":1}
[2026-04-19T20:14:49.000+08:00][AUDIT][audit][operation] Audit log created: order.create on order {"audit_log_id":79,"action":"order.create","entity_type":"order","entity_id":"8"}
[2026-04-19T20:14:49.000+08:00][SECURITY][security][login_success] User logged in successfully {"user_id":3,"store_id":1,"workstation_id":2}
[2026-04-19T20:14:49.000+08:00][AUDIT][audit][operation] Audit log created: order.update on order {"audit_log_id":80,"action":"order.update","entity_type":"order","entity_id":"1"}
[2026-04-19T20:14:50.000+08:00][SECURITY][security][login_success] User logged in successfully {"user_id":7,"store_id":2,"workstation_id":5}
[2026-04-19T20:14:50.000+08:00][SECURITY][security][login_success] User logged in successfully {"user_id":2,"store_id":1,"workstation_id":1}
[2026-04-19T20:14:50.000+08:00][INFO][order][create] Order created: ORD-20260419201450-DCE808 {"order_id":9,"store_id":1}
[2026-04-19T20:14:50.000+08:00][AUDIT][audit][operation] Audit log created: order.create on order {"audit_log_id":81,"action":"order.create","entity_type":"order","entity_id":"9"}
[2026-04-19T20:14:50.000+08:00][AUDIT][audit][operation] Audit log created: order.confirm on order {"audit_log_id":82,"action":"order.confirm","entity_type":"order","entity_id":"9"}
[2026-04-19T20:14:50.000+08:00][AUDIT][audit][operation] Audit log created: order.assign_technician on order {"audit_log_id":83,"action":"order.assign_technician","entity_type":"order","entity_id":"9"}
[2026-04-19T20:14:51.000+08:00][SECURITY][security][login_success] User logged in successfully {"user_id":3,"store_id":1,"workstation_id":2}
[2026-04-19T20:14:51.000+08:00][AUDIT][audit][operation] Audit log created: order.accept on order {"audit_log_id":84,"action":"order.accept","entity_type":"order","entity_id":"9"}
[2026-04-19T20:14:51.000+08:00][AUDIT][audit][operation] Audit log created: order.complete on order {"audit_log_id":85,"action":"order.complete","entity_type":"order","entity_id":"9"}
[2026-04-19T20:14:51.000+08:00][SECURITY][security][login_success] User logged in successfully {"user_id":2,"store_id":1,"workstation_id":1}
[2026-04-19T20:14:51.000+08:00][INFO][order][create] Order created: ORD-20260419201451-65AFA8 {"order_id":10,"store_id":1}
[2026-04-19T20:14:51.000+08:00][AUDIT][audit][operation] Audit log created: order.create on order {"audit_log_id":86,"action":"order.create","entity_type":"order","entity_id":"10"}
[2026-04-19T20:14:51.000+08:00][SECURITY][security][login_success] User logged in successfully {"user_id":2,"store_id":1,"workstation_id":1}
[2026-04-19T20:14:51.000+08:00][INFO][order][create] Order created: ORD-20260419201451-E98D26 {"order_id":11,"store_id":1}
[2026-04-19T20:14:51.000+08:00][AUDIT][audit][operation] Audit log created: order.create on order {"audit_log_id":87,"action":"order.create","entity_type":"order","entity_id":"11"}
[2026-04-19T20:14:52.000+08:00][SECURITY][security][login_success] User logged in successfully {"user_id":8,"store_id":2,"workstation_id":4}
[2026-04-19T20:14:52.000+08:00][SECURITY][security][login_success] User logged in successfully {"user_id":2,"store_id":1,"workstation_id":1}
[2026-04-19T20:14:52.000+08:00][INFO][order][create] Order created: ORD-20260419201452-8FB484 {"order_id":12,"store_id":1}
[2026-04-19T20:14:52.000+08:00][AUDIT][audit][operation] Audit log created: order.create on order {"audit_log_id":88,"action":"order.create","entity_type":"order","entity_id":"12"}
[2026-04-19T20:14:52.000+08:00][INFO][coupon][apply] Coupon WELCOME10 applied to order 12 {"discount":10}
[2026-04-19T20:14:52.000+08:00][AUDIT][audit][operation] Audit log created: order.apply_coupon on order {"audit_log_id":89,"action":"order.apply_coupon","entity_type":"order","entity_id":"12"}
[2026-04-19T20:14:52.000+08:00][SECURITY][security][login_success] User logged in successfully {"user_id":2,"store_id":1,"workstation_id":1}
[2026-04-19T20:14:52.000+08:00][INFO][order][create] Order created: ORD-20260419201452-D3263A {"order_id":13,"store_id":1}
[2026-04-19T20:14:52.000+08:00][AUDIT][audit][operation] Audit log created: order.create on order {"audit_log_id":90,"action":"order.create","entity_type":"order","entity_id":"13"}
[2026-04-19T20:14:52.000+08:00][SECURITY][security][login_success] User logged in successfully {"user_id":2,"store_id":1,"workstation_id":1}
[2026-04-19T20:14:52.000+08:00][INFO][order][create] Order created: ORD-20260419201452-1D36DF {"order_id":14,"store_id":1}
[2026-04-19T20:14:52.000+08:00][AUDIT][audit][operation] Audit log created: order.create on order {"audit_log_id":91,"action":"order.create","entity_type":"order","entity_id":"14"}
[2026-04-19T20:14:52.000+08:00][WARNING][auth][missing_token] No auth token provided {"path":"api\/v1\/orders\/1\/payments","method":"POST"}
[2026-04-19T20:14:52.000+08:00][WARNING][auth][missing_token] No auth token provided {"path":"api\/v1\/orders\/1\/refunds","method":"POST"}
[2026-04-19T20:14:53.000+08:00][SECURITY][security][login_success] User logged in successfully {"user_id":6,"store_id":1,"workstation_id":3}
[2026-04-19T20:14:53.000+08:00][SECURITY][security][access_denied] Role-based access denied {"user_id":6,"user_roles":["customer"],"required_roles":["front_desk","finance","administrator"],"path":"api\/v1\/orders\/1\/payments","method":"POST"}
[2026-04-19T20:14:53.000+08:00][SECURITY][security][login_success] User logged in successfully {"user_id":3,"store_id":1,"workstation_id":2}
[2026-04-19T20:14:53.000+08:00][SECURITY][security][access_denied] Role-based access denied {"user_id":3,"user_roles":["technician"],"required_roles":["front_desk","finance","administrator"],"path":"api\/v1\/orders\/1\/payments","method":"POST"}
[2026-04-19T20:14:53.000+08:00][SECURITY][security][login_success] User logged in successfully {"user_id":2,"store_id":1,"workstation_id":1}
[2026-04-19T20:14:53.000+08:00][INFO][order][create] Order created: ORD-20260419201453-213DD1 {"order_id":15,"store_id":1}
[2026-04-19T20:14:53.000+08:00][AUDIT][audit][operation] Audit log created: order.create on order {"audit_log_id":92,"action":"order.create","entity_type":"order","entity_id":"15"}
[2026-04-19T20:14:53.000+08:00][INFO][payment][record] Payment recorded for order 15 {"payment_id":2,"amount":50,"tender_type":"cash"}
[2026-04-19T20:14:53.000+08:00][AUDIT][audit][operation] Audit log created: payment.record on payment {"audit_log_id":93,"action":"payment.record","entity_type":"payment","entity_id":"2"}
[2026-04-19T20:14:53.000+08:00][SECURITY][security][login_success] User logged in successfully {"user_id":2,"store_id":1,"workstation_id":1}
[2026-04-19T20:14:53.000+08:00][INFO][order][create] Order created: ORD-20260419201453-45DEC9 {"order_id":16,"store_id":1}
[2026-04-19T20:14:53.000+08:00][AUDIT][audit][operation] Audit log created: order.create on order {"audit_log_id":94,"action":"order.create","entity_type":"order","entity_id":"16"}
[2026-04-19T20:14:54.000+08:00][INFO][payment][record] Payment recorded for order 16 {"payment_id":3,"amount":75,"tender_type":"card_present_recorded"}
[2026-04-19T20:14:54.000+08:00][AUDIT][audit][operation] Audit log created: payment.record on payment {"audit_log_id":95,"action":"payment.record","entity_type":"payment","entity_id":"3"}
[2026-04-19T20:14:54.000+08:00][SECURITY][security][login_success] User logged in successfully {"user_id":2,"store_id":1,"workstation_id":1}
[2026-04-19T20:14:54.000+08:00][INFO][order][create] Order created: ORD-20260419201454-20CF1E {"order_id":17,"store_id":1}
[2026-04-19T20:14:54.000+08:00][AUDIT][audit][operation] Audit log created: order.create on order {"audit_log_id":96,"action":"order.create","entity_type":"order","entity_id":"17"}
[2026-04-19T20:14:54.000+08:00][INFO][payment][record] Payment recorded for order 17 {"payment_id":4,"amount":25,"tender_type":"house_account"}
[2026-04-19T20:14:54.000+08:00][AUDIT][audit][operation] Audit log created: payment.record on payment {"audit_log_id":97,"action":"payment.record","entity_type":"payment","entity_id":"4"}
[2026-04-19T20:14:54.000+08:00][SECURITY][security][login_success] User logged in successfully {"user_id":2,"store_id":1,"workstation_id":1}
[2026-04-19T20:14:54.000+08:00][INFO][order][create] Order created: ORD-20260419201454-C2411C {"order_id":18,"store_id":1}
[2026-04-19T20:14:54.000+08:00][AUDIT][audit][operation] Audit log created: order.create on order {"audit_log_id":98,"action":"order.create","entity_type":"order","entity_id":"18"}
[2026-04-19T20:14:54.000+08:00][SECURITY][security][login_success] User logged in successfully {"user_id":2,"store_id":1,"workstation_id":1}
[2026-04-19T20:14:54.000+08:00][INFO][order][create] Order created: ORD-20260419201454-30814F {"order_id":19,"store_id":1}
[2026-04-19T20:14:54.000+08:00][AUDIT][audit][operation] Audit log created: order.create on order {"audit_log_id":99,"action":"order.create","entity_type":"order","entity_id":"19"}
[2026-04-19T20:14:54.000+08:00][SECURITY][security][login_success] User logged in successfully {"user_id":2,"store_id":1,"workstation_id":1}
[2026-04-19T20:14:55.000+08:00][INFO][order][create] Order created: ORD-20260419201454-868BBF {"order_id":20,"store_id":1}
[2026-04-19T20:14:55.000+08:00][AUDIT][audit][operation] Audit log created: order.create on order {"audit_log_id":100,"action":"order.create","entity_type":"order","entity_id":"20"}
[2026-04-19T20:14:55.000+08:00][SECURITY][security][login_success] User logged in successfully {"user_id":2,"store_id":1,"workstation_id":1}
[2026-04-19T20:14:55.000+08:00][SECURITY][security][login_success] User logged in successfully {"user_id":2,"store_id":1,"workstation_id":1}
[2026-04-19T20:14:55.000+08:00][INFO][order][create] Order created: ORD-20260419201455-41A95E {"order_id":21,"store_id":1}
[2026-04-19T20:14:55.000+08:00][AUDIT][audit][operation] Audit log created: order.create on order {"audit_log_id":101,"action":"order.create","entity_type":"order","entity_id":"21"}
[2026-04-19T20:14:55.000+08:00][SECURITY][security][login_success] User logged in successfully {"user_id":2,"store_id":1,"workstation_id":1}
[2026-04-19T20:14:55.000+08:00][SECURITY][security][login_success] User logged in successfully {"user_id":2,"store_id":1,"workstation_id":1}
[2026-04-19T20:14:55.000+08:00][INFO][order][create] Order created: ORD-20260419201455-E53415 {"order_id":22,"store_id":1}
[2026-04-19T20:14:55.000+08:00][AUDIT][audit][operation] Audit log created: order.create on order {"audit_log_id":102,"action":"order.create","entity_type":"order","entity_id":"22"}
[2026-04-19T20:14:55.000+08:00][INFO][payment][record] Payment recorded for order 22 {"payment_id":5,"amount":30,"tender_type":"cash"}
[2026-04-19T20:14:55.000+08:00][AUDIT][audit][operation] Audit log created: payment.record on payment {"audit_log_id":103,"action":"payment.record","entity_type":"payment","entity_id":"5"}
[2026-04-19T20:14:55.000+08:00][SECURITY][security][login_success] User logged in successfully {"user_id":6,"store_id":1,"workstation_id":3}
[2026-04-19T20:14:55.000+08:00][SECURITY][security][access_denied] Role-based access denied {"user_id":6,"user_roles":["customer"],"required_roles":["administrator"],"path":"api\/v1\/admin\/users","method":"GET"}
[2026-04-19T20:14:56.000+08:00][SECURITY][security][login_success] User logged in successfully {"user_id":3,"store_id":1,"workstation_id":2}
[2026-04-19T20:14:56.000+08:00][SECURITY][security][access_denied] Role-based access denied {"user_id":3,"user_roles":["technician"],"required_roles":["administrator"],"path":"api\/v1\/admin\/users","method":"GET"}
[2026-04-19T20:14:56.000+08:00][SECURITY][security][login_success] User logged in successfully {"user_id":2,"store_id":1,"workstation_id":1}
[2026-04-19T20:14:56.000+08:00][SECURITY][security][access_denied] Role-based access denied {"user_id":2,"user_roles":["front_desk"],"required_roles":["administrator"],"path":"api\/v1\/admin\/users","method":"GET"}
[2026-04-19T20:14:56.000+08:00][SECURITY][security][login_success] User logged in successfully {"user_id":1,"store_id":1,"workstation_id":1}
[2026-04-19T20:14:56.000+08:00][SECURITY][security][login_success] User logged in successfully {"user_id":6,"store_id":1,"workstation_id":3}
[2026-04-19T20:14:56.000+08:00][SECURITY][security][access_denied] Role-based access denied {"user_id":6,"user_roles":["customer"],"required_roles":["finance","store_manager","administrator"],"path":"api\/v1\/finance\/cash-drawer\/daily","method":"GET"}
[2026-04-19T20:14:56.000+08:00][SECURITY][security][login_success] User logged in successfully {"user_id":3,"store_id":1,"workstation_id":2}
[2026-04-19T20:14:56.000+08:00][SECURITY][security][access_denied] Role-based access denied {"user_id":3,"user_roles":["technician"],"required_roles":["finance","store_manager","administrator"],"path":"api\/v1\/finance\/cash-drawer\/daily","method":"GET"}
[2026-04-19T20:14:56.000+08:00][SECURITY][security][login_success] User logged in successfully {"user_id":5,"store_id":1,"workstation_id":1}
[2026-04-19T20:14:57.000+08:00][SECURITY][security][login_success] User logged in successfully {"user_id":6,"store_id":1,"workstation_id":3}
[2026-04-19T20:14:57.000+08:00][SECURITY][security][access_denied] Role-based access denied {"user_id":6,"user_roles":["customer"],"required_roles":["store_manager","administrator"],"path":"api\/v1\/dashboards\/operations","method":"GET"}
[2026-04-19T20:14:57.000+08:00][SECURITY][security][login_success] User logged in successfully {"user_id":4,"store_id":1,"workstation_id":1}
[2026-04-19T20:14:57.000+08:00][SECURITY][security][login_success] User logged in successfully {"user_id":4,"store_id":1,"workstation_id":1}
[2026-04-19T20:14:57.000+08:00][SECURITY][security][access_denied] Role-based access denied {"user_id":4,"user_roles":["store_manager"],"required_roles":["administrator"],"path":"api\/v1\/experiments","method":"GET"}
[2026-04-19T20:14:57.000+08:00][SECURITY][security][login_success] User logged in successfully {"user_id":1,"store_id":1,"workstation_id":1}
[2026-04-19T20:14:57.000+08:00][SECURITY][security][login_success] User logged in successfully {"user_id":4,"store_id":1,"workstation_id":1}
[2026-04-19T20:14:57.000+08:00][SECURITY][security][access_denied] Role-based access denied {"user_id":4,"user_roles":["store_manager"],"required_roles":["administrator"],"path":"api\/v1\/cleansing\/batches\/1\/approve","method":"POST"}
[2026-04-19T20:14:58.000+08:00][SECURITY][security][login_success] User logged in successfully {"user_id":5,"store_id":1,"workstation_id":1}
[2026-04-19T20:14:58.000+08:00][SECURITY][security][access_denied] Role-based access denied {"user_id":5,"user_roles":["finance"],"required_roles":["administrator"],"path":"api\/v1\/finance\/cash-drawer\/1\/reopen","method":"POST"}
[2026-04-19T20:14:58.000+08:00][SECURITY][security][login_success] User logged in successfully {"user_id":4,"store_id":1,"workstation_id":1}
[2026-04-19T20:14:58.000+08:00][SECURITY][security][access_denied] Role-based access denied {"user_id":4,"user_roles":["store_manager"],"required_roles":["administrator"],"path":"api\/v1\/security\/events","method":"GET"}
[2026-04-19T20:14:58.000+08:00][SECURITY][security][login_success] User logged in successfully {"user_id":1,"store_id":1,"workstation_id":1}
[2026-04-19T20:14:58.000+08:00][SECURITY][security][login_success] User logged in successfully {"user_id":4,"store_id":1,"workstation_id":1}
[2026-04-19T20:14:58.000+08:00][SECURITY][security][login_success] User logged in successfully {"user_id":2,"store_id":1,"workstation_id":1}
[2026-04-19T20:14:58.000+08:00][SECURITY][security][access_denied] Role-based access denied {"user_id":2,"user_roles":["front_desk"],"required_roles":["store_manager","administrator"],"path":"api\/v1\/audit\/logs","method":"GET"}
[2026-04-19T20:14:58.000+08:00][SECURITY][security][login_success] User logged in successfully {"user_id":6,"store_id":1,"workstation_id":3}
[2026-04-19T20:14:58.000+08:00][SECURITY][security][access_denied] Role-based access denied {"user_id":6,"user_roles":["customer"],"required_roles":["store_manager","administrator"],"path":"api\/v1\/environment\/aligned-buckets","method":"GET"}
[2026-04-19T20:14:59.000+08:00][SECURITY][security][login_success] User logged in successfully {"user_id":1,"store_id":1,"workstation_id":1}
[2026-04-19T20:14:59.000+08:00][SECURITY][security][login_success] User logged in successfully {"user_id":3,"store_id":1,"workstation_id":2}
[2026-04-19T20:14:59.000+08:00][SECURITY][security][access_denied] Role-based access denied {"user_id":3,"user_roles":["technician"],"required_roles":["customer","front_desk","administrator"],"path":"api\/v1\/orders","method":"POST"}
[2026-04-19T20:14:59.000+08:00][SECURITY][security][login_success] User logged in successfully {"user_id":6,"store_id":1,"workstation_id":3}
[2026-04-19T20:14:59.000+08:00][SECURITY][security][access_denied] Role-based access denied {"user_id":6,"user_roles":["customer"],"required_roles":["administrator"],"path":"api\/v1\/admin\/users","method":"POST"}
[2026-04-19T20:14:59.000+08:00][SECURITY][security][login_success] User logged in successfully {"user_id":3,"store_id":1,"workstation_id":2}
[2026-04-19T20:14:59.000+08:00][SECURITY][security][access_denied] Role-based access denied {"user_id":3,"user_roles":["technician"],"required_roles":["administrator"],"path":"api\/v1\/admin\/encryption\/keys\/rotate","method":"POST"}
[2026-04-19T20:14:59.000+08:00][SECURITY][security][login_success] User logged in successfully {"user_id":4,"store_id":1,"workstation_id":1}
[2026-04-19T20:14:59.000+08:00][SECURITY][security][access_denied] Role-based access denied {"user_id":4,"user_roles":["store_manager"],"required_roles":["administrator"],"path":"api\/v1\/experiments","method":"POST"}
[2026-04-19T20:15:00.000+08:00][SECURITY][security][login_success] User logged in successfully {"user_id":4,"store_id":1,"workstation_id":1}
[2026-04-19T20:15:00.000+08:00][SECURITY][security][access_denied] Role-based access denied {"user_id":4,"user_roles":["store_manager"],"required_roles":["administrator"],"path":"api\/v1\/experiments\/1\/start","method":"POST"}
[2026-04-19T20:15:00.000+08:00][SECURITY][security][login_success] User logged in successfully {"user_id":5,"store_id":1,"workstation_id":1}
[2026-04-19T20:15:00.000+08:00][SECURITY][security][access_denied] Role-based access denied {"user_id":5,"user_roles":["finance"],"required_roles":["administrator"],"path":"api\/v1\/events","method":"POST"}
[2026-04-19T20:15:00.000+08:00][SECURITY][security][login_success] User logged in successfully {"user_id":2,"store_id":1,"workstation_id":1}
[2026-04-19T20:15:00.000+08:00][SECURITY][security][access_denied] Role-based access denied {"user_id":2,"user_roles":["front_desk"],"required_roles":["store_manager","administrator"],"path":"api\/v1\/announcements","method":"POST"}
[2026-04-19T20:15:00.000+08:00][SECURITY][security][login_success] User logged in successfully {"user_id":6,"store_id":1,"workstation_id":3}
[2026-04-19T20:15:00.000+08:00][SECURITY][security][access_denied] Role-based access denied {"user_id":6,"user_roles":["customer"],"required_roles":["administrator"],"path":"api\/v1\/announcements\/1","method":"DELETE"}
[2026-04-19T20:15:00.000+08:00][SECURITY][security][login_success] User logged in successfully {"user_id":4,"store_id":1,"workstation_id":1}
[2026-04-19T20:15:00.000+08:00][SECURITY][security][access_denied] Role-based access denied {"user_id":4,"user_roles":["store_manager"],"required_roles":["administrator"],"path":"api\/v1\/cleansing\/batches\/1\/rollback","method":"POST"}
[2026-04-19T20:15:00.000+08:00][SECURITY][security][login_success] User logged in successfully {"user_id":6,"store_id":1,"workstation_id":3}
[2026-04-19T20:15:00.000+08:00][SECURITY][security][access_denied] Role-based access denied {"user_id":6,"user_roles":["customer"],"required_roles":["store_manager","administrator"],"path":"api\/v1\/environment\/align-buckets","method":"POST"}
[2026-04-19T20:15:01.000+08:00][SECURITY][security][login_success] User logged in successfully {"user_id":6,"store_id":1,"workstation_id":3}
[2026-04-19T20:15:01.000+08:00][SECURITY][security][access_denied] Role-based access denied {"user_id":6,"user_roles":["customer"],"required_roles":["store_manager","administrator"],"path":"api\/v1\/environment\/compute-derived-metrics","method":"POST"}
[2026-04-19T20:15:01.000+08:00][SECURITY][security][login_success] User logged in successfully {"user_id":4,"store_id":1,"workstation_id":1}
[2026-04-19T20:15:01.000+08:00][SECURITY][security][login_success] User logged in successfully {"user_id":4,"store_id":1,"workstation_id":1}
[2026-04-19T20:15:01.000+08:00][SECURITY][security][login_success] User logged in successfully {"user_id":3,"store_id":1,"workstation_id":2}
[2026-04-19T20:15:01.000+08:00][SECURITY][security][access_denied] Role-based access denied {"user_id":3,"user_roles":["technician"],"required_roles":["front_desk","finance","administrator"],"path":"api\/v1\/orders\/1\/payments","method":"POST"}
[2026-04-19T20:15:01.000+08:00][SECURITY][security][login_success] User logged in successfully {"user_id":5,"store_id":1,"workstation_id":1}
[2026-04-19T20:15:01.000+08:00][SECURITY][security][access_denied] Role-based access denied {"user_id":5,"user_roles":["finance"],"required_roles":["administrator"],"path":"api\/v1\/finance\/cash-drawer\/1\/reopen","method":"POST"}
[2026-04-19T20:15:02.000+08:00][SECURITY][security][login_success] User logged in successfully {"user_id":1,"store_id":1,"workstation_id":1}
[2026-04-19T20:15:02.000+08:00][AUDIT][audit][operation] Audit log created: announcement.create on announcement {"audit_log_id":104,"action":"announcement.create","entity_type":"announcement","entity_id":"4"}
[2026-04-19T20:15:02.000+08:00][SECURITY][security][login_success] User logged in successfully {"user_id":2,"store_id":1,"workstation_id":1}
[2026-04-19T20:15:02.000+08:00][INFO][order][create] Order created: ORD-20260419201502-60B8B2 {"order_id":23,"store_id":1}
[2026-04-19T20:15:02.000+08:00][AUDIT][audit][operation] Audit log created: order.create on order {"audit_log_id":105,"action":"order.create","entity_type":"order","entity_id":"23"}
[2026-04-19T20:15:02.000+08:00][SECURITY][security][login_success] User logged in successfully {"user_id":2,"store_id":1,"workstation_id":1}
[2026-04-19T20:15:02.000+08:00][INFO][order][create] Order created: ORD-20260419201502-CDF57D {"order_id":24,"store_id":1}
[2026-04-19T20:15:02.000+08:00][AUDIT][audit][operation] Audit log created: order.create on order {"audit_log_id":106,"action":"order.create","entity_type":"order","entity_id":"24"}
[2026-04-19T20:15:02.000+08:00][SECURITY][security][login_success] User logged in successfully {"user_id":7,"store_id":2,"workstation_id":5}
[2026-04-19T20:15:03.000+08:00][SECURITY][security][login_success] User logged in successfully {"user_id":8,"store_id":2,"workstation_id":4}
[2026-04-19T20:15:03.000+08:00][SECURITY][security][login_success] User logged in successfully {"user_id":1,"store_id":1,"workstation_id":1}
[2026-04-19T20:15:03.000+08:00][SECURITY][security][login_success] User logged in successfully {"user_id":2,"store_id":1,"workstation_id":1}
[2026-04-19T20:15:04.000+08:00][INFO][order][create] Order created: ORD-20260419201504-2EF310 {"order_id":25,"store_id":1}
[2026-04-19T20:15:04.000+08:00][AUDIT][audit][operation] Audit log created: order.create on order {"audit_log_id":107,"action":"order.create","entity_type":"order","entity_id":"25"}
[2026-04-19T20:15:04.000+08:00][SECURITY][security][login_success] User logged in successfully {"user_id":8,"store_id":2,"workstation_id":4}
[2026-04-19T20:15:04.000+08:00][SECURITY][security][login_success] User logged in successfully {"user_id":2,"store_id":1,"workstation_id":1}
[2026-04-19T20:15:04.000+08:00][INFO][order][create] Order created: ORD-20260419201504-731F1D {"order_id":26,"store_id":1}
[2026-04-19T20:15:04.000+08:00][AUDIT][audit][operation] Audit log created: order.create on order {"audit_log_id":108,"action":"order.create","entity_type":"order","entity_id":"26"}
[2026-04-19T20:15:05.000+08:00][SECURITY][security][login_success] User logged in successfully {"user_id":8,"store_id":2,"workstation_id":4}
[2026-04-19T20:15:05.000+08:00][SECURITY][security][login_success] User logged in successfully {"user_id":8,"store_id":2,"workstation_id":4}
[2026-04-19T20:15:05.000+08:00][INFO][order][create] Order created: ORD-20260419201505-CC317D {"order_id":27,"store_id":2}
[2026-04-19T20:15:05.000+08:00][AUDIT][audit][operation] Audit log created: order.create on order {"audit_log_id":109,"action":"order.create","entity_type":"order","entity_id":"27"}
[2026-04-19T20:15:06.000+08:00][SECURITY][security][login_success] User logged in successfully {"user_id":2,"store_id":1,"workstation_id":1}
[2026-04-19T20:15:06.000+08:00][INFO][order][create] Order created: ORD-20260419201506-99B393 {"order_id":28,"store_id":1}
[2026-04-19T20:15:06.000+08:00][AUDIT][audit][operation] Audit log created: order.create on order {"audit_log_id":110,"action":"order.create","entity_type":"order","entity_id":"28"}
[2026-04-19T20:15:06.000+08:00][SECURITY][security][login_success] User logged in successfully {"user_id":8,"store_id":2,"workstation_id":4}
[2026-04-19T20:15:06.000+08:00][SECURITY][security][login_success] User logged in successfully {"user_id":2,"store_id":1,"workstation_id":1}
[2026-04-19T20:15:06.000+08:00][INFO][order][create] Order created: ORD-20260419201506-69A29D {"order_id":29,"store_id":1}
[2026-04-19T20:15:06.000+08:00][AUDIT][audit][operation] Audit log created: order.create on order {"audit_log_id":111,"action":"order.create","entity_type":"order","entity_id":"29"}
[2026-04-19T20:15:06.000+08:00][SECURITY][security][login_success] User logged in successfully {"user_id":8,"store_id":2,"workstation_id":4}
[2026-04-19T20:15:07.000+08:00][SECURITY][security][login_success] User logged in successfully {"user_id":2,"store_id":1,"workstation_id":1}
[2026-04-19T20:15:07.000+08:00][INFO][order][create] Order created: ORD-20260419201507-F30F95 {"order_id":30,"store_id":1}
[2026-04-19T20:15:07.000+08:00][AUDIT][audit][operation] Audit log created: order.create on order {"audit_log_id":112,"action":"order.create","entity_type":"order","entity_id":"30"}
[2026-04-19T20:15:07.000+08:00][SECURITY][security][login_success] User logged in successfully {"user_id":8,"store_id":2,"workstation_id":4}
[2026-04-19T20:15:07.000+08:00][SECURITY][security][login_success] User logged in successfully {"user_id":2,"store_id":1,"workstation_id":1}
[2026-04-19T20:15:07.000+08:00][INFO][order][create] Order created: ORD-20260419201507-F2792A {"order_id":31,"store_id":1}
[2026-04-19T20:15:07.000+08:00][AUDIT][audit][operation] Audit log created: order.create on order {"audit_log_id":113,"action":"order.create","entity_type":"order","entity_id":"31"}
[2026-04-19T20:15:07.000+08:00][SECURITY][security][login_success] User logged in successfully {"user_id":8,"store_id":2,"workstation_id":4}
[2026-04-19T20:15:08.000+08:00][SECURITY][security][login_success] User logged in successfully {"user_id":2,"store_id":1,"workstation_id":1}
[2026-04-19T20:15:08.000+08:00][INFO][order][create] Order created: ORD-20260419201508-C6D1B2 {"order_id":32,"store_id":1}
[2026-04-19T20:15:08.000+08:00][AUDIT][audit][operation] Audit log created: order.create on order {"audit_log_id":114,"action":"order.create","entity_type":"order","entity_id":"32"}
[2026-04-19T20:15:08.000+08:00][SECURITY][security][login_success] User logged in successfully {"user_id":8,"store_id":2,"workstation_id":4}
[2026-04-19T20:15:08.000+08:00][SECURITY][security][login_success] User logged in successfully {"user_id":1,"store_id":1,"workstation_id":1}
[2026-04-19T20:15:09.000+08:00][AUDIT][audit][operation] Audit log created: announcement.create on announcement {"audit_log_id":115,"action":"announcement.create","entity_type":"announcement","entity_id":"5"}
[2026-04-19T20:15:09.000+08:00][SECURITY][security][login_failed] User not found {"username":"***REDACTED***"}
[2026-04-19T20:15:09.000+08:00][SECURITY][security][login_failed] User not found {"username":"***REDACTED***"}
[2026-04-19T20:15:09.000+08:00][SECURITY][security][login_failed] User not found {"username":"***REDACTED***"}
[2026-04-19T20:15:09.000+08:00][SECURITY][security][login_success] User logged in successfully {"user_id":1,"store_id":1,"workstation_id":1}
[2026-04-19T20:15:09.000+08:00][AUDIT][audit][operation] Audit log created: announcement.create on announcement {"audit_log_id":116,"action":"announcement.create","entity_type":"announcement","entity_id":"6"}
[2026-04-19T20:15:09.000+08:00][SECURITY][security][login_failed] User not found {"username":"***REDACTED***"}
[2026-04-19T20:15:09.000+08:00][SECURITY][security][login_success] User logged in successfully {"user_id":1,"store_id":1,"workstation_id":1}
[2026-04-19T20:15:09.000+08:00][AUDIT][audit][operation] Audit log created: announcement.create on announcement {"audit_log_id":117,"action":"announcement.create","entity_type":"announcement","entity_id":"7"}
[2026-04-19T20:15:09.000+08:00][SECURITY][security][login_failed] User not found {"username":"***REDACTED***"}
[2026-04-19T20:15:09.000+08:00][SECURITY][security][login_success] User logged in successfully {"user_id":2,"store_id":1,"workstation_id":1}
[2026-04-19T20:15:10.000+08:00][INFO][order][create] Order created: ORD-20260419201509-E24710 {"order_id":33,"store_id":1}
[2026-04-19T20:15:10.000+08:00][AUDIT][audit][operation] Audit log created: order.create on order {"audit_log_id":118,"action":"order.create","entity_type":"order","entity_id":"33"}
[2026-04-19T20:15:10.000+08:00][SECURITY][security][login_success] User logged in successfully {"user_id":8,"store_id":2,"workstation_id":4}
[2026-04-19T20:15:10.000+08:00][SECURITY][security][login_success] User logged in successfully {"user_id":5,"store_id":1,"workstation_id":1}
[2026-04-19T20:15:10.000+08:00][SECURITY][security][login_success] User logged in successfully {"user_id":4,"store_id":1,"workstation_id":1}
[2026-04-19T20:15:10.000+08:00][SECURITY][security][login_success] User logged in successfully {"user_id":4,"store_id":1,"workstation_id":1}

================================================================
  ThinkPHP runtime log
================================================================
--- runtime/log/20260419.log ---
[2026-04-19T20:15:08+08:00][sql] UPDATE `users`  SET `failed_attempts` = 0 , `lockout_until` = NULL  WHERE  `id` = 1 [ RunTime:0.001272s ]
[2026-04-19T20:15:08+08:00][sql] SHOW FULL COLUMNS FROM `sessions` [ RunTime:0.002359s ]
[2026-04-19T20:15:08+08:00][sql] INSERT INTO `sessions` SET `user_id` = 1 , `token_hash` = 'da34244517b067aee0f3c459a0f3def5ba3453d7eaddc6038d06ff23d91db666' , `store_id` = 1 , `workstation_id` = 1 , `login_at` = '2026-04-19 20:15:08' , `expires_at` = '2026-04-20 04:15:08' , `source_type` = 'web' [ RunTime:0.028983s ]
[2026-04-19T20:15:08+08:00][sql] SHOW FULL COLUMNS FROM `user_roles` [ RunTime:0.004003s ]
[2026-04-19T20:15:08+08:00][sql] SELECT `r`.`code` FROM `user_roles` `ur` INNER JOIN `roles` `r` ON `ur`.`role_id`=`r`.`id` WHERE  `ur`.`user_id` = '1' [ RunTime:0.001382s ]
[2026-04-19T20:15:08+08:00][sql] SHOW FULL COLUMNS FROM `security_events` [ RunTime:0.011525s ]
[2026-04-19T20:15:08+08:00][sql] INSERT INTO `security_events` SET `event_type` = 'login_success' , `user_id` = 1 , `details_json` = '{\"store_id\":1,\"workstation_id\":1}' [ RunTime:0.027352s ]
[2026-04-19T20:15:09+08:00][sql] CONNECT:[ UseTime:0.002399s ] mysql:host=mysql;port=3306;dbname=fieldops;charset=utf8mb4
[2026-04-19T20:15:09+08:00][sql] SHOW FULL COLUMNS FROM `sessions` [ RunTime:0.011938s ]
[2026-04-19T20:15:09+08:00][sql] SELECT * FROM `sessions` WHERE  `token_hash` = 'da34244517b067aee0f3c459a0f3def5ba3453d7eaddc6038d06ff23d91db666'  AND `logout_at` IS NULL  AND `expires_at` > '2026-04-19 20:15:08' LIMIT 1 [ RunTime:0.001312s ]
[2026-04-19T20:15:09+08:00][sql] SHOW FULL COLUMNS FROM `users` [ RunTime:0.003690s ]
[2026-04-19T20:15:09+08:00][sql] SELECT * FROM `users` WHERE  `id` = 1 LIMIT 1 [ RunTime:0.009377s ]
[2026-04-19T20:15:09+08:00][sql] SHOW FULL COLUMNS FROM `user_roles` [ RunTime:0.003985s ]
[2026-04-19T20:15:09+08:00][sql] SELECT `r`.`code` FROM `user_roles` `ur` INNER JOIN `roles` `r` ON `ur`.`role_id`=`r`.`id` WHERE  `ur`.`user_id` = '1' [ RunTime:0.001617s ]
[2026-04-19T20:15:09+08:00][sql] SHOW FULL COLUMNS FROM `announcements` [ RunTime:0.003836s ]
[2026-04-19T20:15:09+08:00][sql] INSERT INTO `announcements` SET `title` = 'Store1 only 1776600908' , `body` = 'visible only to store 1' , `category` = NULL , `priority` = 'normal' , `store_id` = 1 , `quality_score` = NULL , `published` = 0 , `created_by` = 1 , `created_at` = '2026-04-19 20:15:08' , `updated_at` = '2026-04-19 20:15:08' [ RunTime:0.027058s ]
[2026-04-19T20:15:09+08:00][sql] SELECT * FROM `announcements` WHERE  `id` = 5 LIMIT 1 [ RunTime:0.001329s ]
[2026-04-19T20:15:09+08:00][sql] SHOW FULL COLUMNS FROM `operation_logs` [ RunTime:0.004746s ]
[2026-04-19T20:15:09+08:00][sql] INSERT INTO `operation_logs` SET `actor_user_id` = 1 , `actor_role_code` = 'administrator' , `store_id` = 1 , `workstation_id` = 1 , `action` = 'announcement.create' , `entity_type` = 'announcement' , `entity_id` = '5' , `before_json` = NULL , `after_json` = '{\"id\":5,\"title\":\"Store1 only 1776600908\",\"body\":\"visible only to store 1\",\"category\":null,\"priority\":\"normal\",\"store_id\":1,\"published\":0,\"quality_score\":null,\"created_by\":1,\"created_at\":\"2026-04-19 20:15:08\",\"updated_at\":\"2026-04-19 20:15:08\"}' , `request_id` = '34bd01fba8a8d9ad02078806c7bbcba4' , `ip` = '127.0.0.1' , `user_agent` = '' , `created_at` = '2026-04-19 20:15:08' [ RunTime:0.030085s ]
[2026-04-19T20:15:09+08:00][sql] CONNECT:[ UseTime:0.002838s ] mysql:host=mysql;port=3306;dbname=fieldops;charset=utf8mb4
[2026-04-19T20:15:09+08:00][sql] SHOW FULL COLUMNS FROM `users` [ RunTime:0.008058s ]
[2026-04-19T20:15:09+08:00][sql] SELECT * FROM `users` WHERE  `username` = 'manager2' LIMIT 1 [ RunTime:0.001166s ]
[2026-04-19T20:15:09+08:00][sql] CONNECT:[ UseTime:0.003941s ] mysql:host=mysql;port=3306;dbname=fieldops;charset=utf8mb4
[2026-04-19T20:15:09+08:00][sql] SHOW FULL COLUMNS FROM `users` [ RunTime:0.004450s ]
[2026-04-19T20:15:09+08:00][sql] SELECT * FROM `users` WHERE  `username` = 'manager2' LIMIT 1 [ RunTime:0.001192s ]
[2026-04-19T20:15:09+08:00][sql] CONNECT:[ UseTime:0.002619s ] mysql:host=mysql;port=3306;dbname=fieldops;charset=utf8mb4
[2026-04-19T20:15:09+08:00][sql] SHOW FULL COLUMNS FROM `users` [ RunTime:0.004152s ]
[2026-04-19T20:15:09+08:00][sql] SELECT * FROM `users` WHERE  `username` = 'manager2' LIMIT 1 [ RunTime:0.001285s ]
[2026-04-19T20:15:09+08:00][sql] CONNECT:[ UseTime:0.002568s ] mysql:host=mysql;port=3306;dbname=fieldops;charset=utf8mb4
[2026-04-19T20:15:09+08:00][sql] SHOW FULL COLUMNS FROM `users` [ RunTime:0.005689s ]
[2026-04-19T20:15:09+08:00][sql] SELECT * FROM `users` WHERE  `username` = 'admin' LIMIT 1 [ RunTime:0.001522s ]
[2026-04-19T20:15:09+08:00][sql] SHOW FULL COLUMNS FROM `user_store_workstation_bindings` [ RunTime:0.004587s ]
[2026-04-19T20:15:09+08:00][sql] SELECT * FROM `user_store_workstation_bindings` WHERE  `user_id` = 1  AND `store_id` = 1  AND `workstation_id` = 1  AND `active` = 1 LIMIT 1 [ RunTime:0.001585s ]
[2026-04-19T20:15:09+08:00][sql] UPDATE `users`  SET `failed_attempts` = 0 , `lockout_until` = NULL  WHERE  `id` = 1 [ RunTime:0.001202s ]
[2026-04-19T20:15:09+08:00][sql] SHOW FULL COLUMNS FROM `sessions` [ RunTime:0.003531s ]
[2026-04-19T20:15:09+08:00][sql] INSERT INTO `sessions` SET `user_id` = 1 , `token_hash` = 'c5ac88e5e9d67aa4a2fc83890c5370d3ef0f33b279532bcedf09a51348881e56' , `store_id` = 1 , `workstation_id` = 1 , `login_at` = '2026-04-19 20:15:09' , `expires_at` = '2026-04-20 04:15:09' , `source_type` = 'web' [ RunTime:0.027989s ]
[2026-04-19T20:15:09+08:00][sql] SHOW FULL COLUMNS FROM `user_roles` [ RunTime:0.003808s ]
[2026-04-19T20:15:09+08:00][sql] SELECT `r`.`code` FROM `user_roles` `ur` INNER JOIN `roles` `r` ON `ur`.`role_id`=`r`.`id` WHERE  `ur`.`user_id` = '1' [ RunTime:0.001479s ]
[2026-04-19T20:15:09+08:00][sql] SHOW FULL COLUMNS FROM `security_events` [ RunTime:0.009833s ]
[2026-04-19T20:15:09+08:00][sql] INSERT INTO `security_events` SET `event_type` = 'login_success' , `user_id` = 1 , `details_json` = '{\"store_id\":1,\"workstation_id\":1}' [ RunTime:0.023130s ]
[2026-04-19T20:15:09+08:00][sql] CONNECT:[ UseTime:0.004027s ] mysql:host=mysql;port=3306;dbname=fieldops;charset=utf8mb4
[2026-04-19T20:15:09+08:00][sql] SHOW FULL COLUMNS FROM `sessions` [ RunTime:0.005063s ]
[2026-04-19T20:15:09+08:00][sql] SELECT * FROM `sessions` WHERE  `token_hash` = 'c5ac88e5e9d67aa4a2fc83890c5370d3ef0f33b279532bcedf09a51348881e56'  AND `logout_at` IS NULL  AND `expires_at` > '2026-04-19 20:15:09' LIMIT 1 [ RunTime:0.001539s ]
[2026-04-19T20:15:09+08:00][sql] SHOW FULL COLUMNS FROM `users` [ RunTime:0.004138s ]
[2026-04-19T20:15:09+08:00][sql] SELECT * FROM `users` WHERE  `id` = 1 LIMIT 1 [ RunTime:0.001554s ]
[2026-04-19T20:15:09+08:00][sql] SHOW FULL COLUMNS FROM `user_roles` [ RunTime:0.003228s ]
[2026-04-19T20:15:09+08:00][sql] SELECT `r`.`code` FROM `user_roles` `ur` INNER JOIN `roles` `r` ON `ur`.`role_id`=`r`.`id` WHERE  `ur`.`user_id` = '1' [ RunTime:0.001271s ]
[2026-04-19T20:15:09+08:00][sql] SHOW FULL COLUMNS FROM `announcements` [ RunTime:0.003613s ]
[2026-04-19T20:15:09+08:00][sql] INSERT INTO `announcements` SET `title` = 'Store1 update target 1776600909' , `body` = 'foo' , `category` = NULL , `priority` = 'normal' , `store_id` = 1 , `quality_score` = NULL , `published` = 0 , `created_by` = 1 , `created_at` = '2026-04-19 20:15:09' , `updated_at` = '2026-04-19 20:15:09' [ RunTime:0.020990s ]
[2026-04-19T20:15:09+08:00][sql] SELECT * FROM `announcements` WHERE  `id` = 6 LIMIT 1 [ RunTime:0.001333s ]
[2026-04-19T20:15:09+08:00][sql] SHOW FULL COLUMNS FROM `operation_logs` [ RunTime:0.002739s ]
[2026-04-19T20:15:09+08:00][sql] INSERT INTO `operation_logs` SET `actor_user_id` = 1 , `actor_role_code` = 'administrator' , `store_id` = 1 , `workstation_id` = 1 , `action` = 'announcement.create' , `entity_type` = 'announcement' , `entity_id` = '6' , `before_json` = NULL , `after_json` = '{\"id\":6,\"title\":\"Store1 update target 1776600909\",\"body\":\"foo\",\"category\":null,\"priority\":\"normal\",\"store_id\":1,\"published\":0,\"quality_score\":null,\"created_by\":1,\"created_at\":\"2026-04-19 20:15:09\",\"updated_at\":\"2026-04-19 20:15:09\"}' , `request_id` = 'a0d0c96d3ff86d6b94283befb71f55a3' , `ip` = '127.0.0.1' , `user_agent` = '' , `created_at` = '2026-04-19 20:15:09' [ RunTime:0.028693s ]
[2026-04-19T20:15:09+08:00][sql] CONNECT:[ UseTime:0.002916s ] mysql:host=mysql;port=3306;dbname=fieldops;charset=utf8mb4
[2026-04-19T20:15:09+08:00][sql] SHOW FULL COLUMNS FROM `users` [ RunTime:0.003704s ]
[2026-04-19T20:15:09+08:00][sql] SELECT * FROM `users` WHERE  `username` = 'manager2' LIMIT 1 [ RunTime:0.001301s ]
[2026-04-19T20:15:09+08:00][sql] CONNECT:[ UseTime:0.002434s ] mysql:host=mysql;port=3306;dbname=fieldops;charset=utf8mb4
[2026-04-19T20:15:09+08:00][sql] SHOW FULL COLUMNS FROM `users` [ RunTime:0.004221s ]
[2026-04-19T20:15:09+08:00][sql] SELECT * FROM `users` WHERE  `username` = 'admin' LIMIT 1 [ RunTime:0.001311s ]
[2026-04-19T20:15:09+08:00][sql] SHOW FULL COLUMNS FROM `user_store_workstation_bindings` [ RunTime:0.003860s ]
[2026-04-19T20:15:09+08:00][sql] SELECT * FROM `user_store_workstation_bindings` WHERE  `user_id` = 1  AND `store_id` = 1  AND `workstation_id` = 1  AND `active` = 1 LIMIT 1 [ RunTime:0.001651s ]
[2026-04-19T20:15:09+08:00][sql] UPDATE `users`  SET `failed_attempts` = 0 , `lockout_until` = NULL  WHERE  `id` = 1 [ RunTime:0.001371s ]
[2026-04-19T20:15:09+08:00][sql] SHOW FULL COLUMNS FROM `sessions` [ RunTime:0.008343s ]
[2026-04-19T20:15:09+08:00][sql] INSERT INTO `sessions` SET `user_id` = 1 , `token_hash` = '79c991556903328e77c756c4a5afc68a9e3893941d81c49ed4a854ddde5ff008' , `store_id` = 1 , `workstation_id` = 1 , `login_at` = '2026-04-19 20:15:09' , `expires_at` = '2026-04-20 04:15:09' , `source_type` = 'web' [ RunTime:0.024778s ]
[2026-04-19T20:15:09+08:00][sql] SHOW FULL COLUMNS FROM `user_roles` [ RunTime:0.003661s ]
[2026-04-19T20:15:09+08:00][sql] SELECT `r`.`code` FROM `user_roles` `ur` INNER JOIN `roles` `r` ON `ur`.`role_id`=`r`.`id` WHERE  `ur`.`user_id` = '1' [ RunTime:0.002405s ]
[2026-04-19T20:15:09+08:00][sql] SHOW FULL COLUMNS FROM `security_events` [ RunTime:0.003442s ]
[2026-04-19T20:15:09+08:00][sql] INSERT INTO `security_events` SET `event_type` = 'login_success' , `user_id` = 1 , `details_json` = '{\"store_id\":1,\"workstation_id\":1}' [ RunTime:0.027008s ]
[2026-04-19T20:15:09+08:00][sql] CONNECT:[ UseTime:0.002196s ] mysql:host=mysql;port=3306;dbname=fieldops;charset=utf8mb4
[2026-04-19T20:15:09+08:00][sql] SHOW FULL COLUMNS FROM `sessions` [ RunTime:0.002683s ]
[2026-04-19T20:15:09+08:00][sql] SELECT * FROM `sessions` WHERE  `token_hash` = '79c991556903328e77c756c4a5afc68a9e3893941d81c49ed4a854ddde5ff008'  AND `logout_at` IS NULL  AND `expires_at` > '2026-04-19 20:15:09' LIMIT 1 [ RunTime:0.001242s ]
[2026-04-19T20:15:09+08:00][sql] SHOW FULL COLUMNS FROM `users` [ RunTime:0.005572s ]
[2026-04-19T20:15:09+08:00][sql] SELECT * FROM `users` WHERE  `id` = 1 LIMIT 1 [ RunTime:0.001077s ]
[2026-04-19T20:15:09+08:00][sql] SHOW FULL COLUMNS FROM `user_roles` [ RunTime:0.002215s ]
[2026-04-19T20:15:09+08:00][sql] SELECT `r`.`code` FROM `user_roles` `ur` INNER JOIN `roles` `r` ON `ur`.`role_id`=`r`.`id` WHERE  `ur`.`user_id` = '1' [ RunTime:0.001065s ]
[2026-04-19T20:15:09+08:00][sql] SHOW FULL COLUMNS FROM `announcements` [ RunTime:0.002579s ]
[2026-04-19T20:15:09+08:00][sql] INSERT INTO `announcements` SET `title` = 'Store1 delete target 1776600909' , `body` = 'foo' , `category` = NULL , `priority` = 'normal' , `store_id` = 1 , `quality_score` = NULL , `published` = 0 , `created_by` = 1 , `created_at` = '2026-04-19 20:15:09' , `updated_at` = '2026-04-19 20:15:09' [ RunTime:0.023783s ]
[2026-04-19T20:15:09+08:00][sql] SELECT * FROM `announcements` WHERE  `id` = 7 LIMIT 1 [ RunTime:0.001439s ]
[2026-04-19T20:15:09+08:00][sql] SHOW FULL COLUMNS FROM `operation_logs` [ RunTime:0.004133s ]
[2026-04-19T20:15:09+08:00][sql] INSERT INTO `operation_logs` SET `actor_user_id` = 1 , `actor_role_code` = 'administrator' , `store_id` = 1 , `workstation_id` = 1 , `action` = 'announcement.create' , `entity_type` = 'announcement' , `entity_id` = '7' , `before_json` = NULL , `after_json` = '{\"id\":7,\"title\":\"Store1 delete target 1776600909\",\"body\":\"foo\",\"category\":null,\"priority\":\"normal\",\"store_id\":1,\"published\":0,\"quality_score\":null,\"created_by\":1,\"created_at\":\"2026-04-19 20:15:09\",\"updated_at\":\"2026-04-19 20:15:09\"}' , `request_id` = '41d4511efc270254e359becf28ff5a43' , `ip` = '127.0.0.1' , `user_agent` = '' , `created_at` = '2026-04-19 20:15:09' [ RunTime:0.027107s ]
[2026-04-19T20:15:09+08:00][sql] CONNECT:[ UseTime:0.002324s ] mysql:host=mysql;port=3306;dbname=fieldops;charset=utf8mb4
[2026-04-19T20:15:09+08:00][sql] SHOW FULL COLUMNS FROM `users` [ RunTime:0.004985s ]
[2026-04-19T20:15:09+08:00][sql] SELECT * FROM `users` WHERE  `username` = 'manager2' LIMIT 1 [ RunTime:0.001165s ]
[2026-04-19T20:15:09+08:00][sql] CONNECT:[ UseTime:0.006000s ] mysql:host=mysql;port=3306;dbname=fieldops;charset=utf8mb4
[2026-04-19T20:15:09+08:00][sql] SHOW FULL COLUMNS FROM `users` [ RunTime:0.003720s ]
[2026-04-19T20:15:09+08:00][sql] SELECT * FROM `users` WHERE  `username` = 'frontdesk1' LIMIT 1 [ RunTime:0.001070s ]
[2026-04-19T20:15:09+08:00][sql] SHOW FULL COLUMNS FROM `user_store_workstation_bindings` [ RunTime:0.002522s ]
[2026-04-19T20:15:09+08:00][sql] SELECT * FROM `user_store_workstation_bindings` WHERE  `user_id` = 2  AND `store_id` = 1  AND `workstation_id` = 1  AND `active` = 1 LIMIT 1 [ RunTime:0.000789s ]
[2026-04-19T20:15:09+08:00][sql] UPDATE `users`  SET `failed_attempts` = 0 , `lockout_until` = NULL  WHERE  `id` = 2 [ RunTime:0.000702s ]
[2026-04-19T20:15:09+08:00][sql] SHOW FULL COLUMNS FROM `sessions` [ RunTime:0.001834s ]
[2026-04-19T20:15:09+08:00][sql] INSERT INTO `sessions` SET `user_id` = 2 , `token_hash` = '8aa9f8aeaaf5e2a2764ec893bce93f2a6fa18d51e358752c04cad2e1cee9201f' , `store_id` = 1 , `workstation_id` = 1 , `login_at` = '2026-04-19 20:15:09' , `expires_at` = '2026-04-20 04:15:09' , `source_type` = 'web' [ RunTime:0.027999s ]
[2026-04-19T20:15:09+08:00][sql] SHOW FULL COLUMNS FROM `user_roles` [ RunTime:0.001939s ]
[2026-04-19T20:15:09+08:00][sql] SELECT `r`.`code` FROM `user_roles` `ur` INNER JOIN `roles` `r` ON `ur`.`role_id`=`r`.`id` WHERE  `ur`.`user_id` = '2' [ RunTime:0.001138s ]
[2026-04-19T20:15:09+08:00][sql] SHOW FULL COLUMNS FROM `security_events` [ RunTime:0.002202s ]
[2026-04-19T20:15:09+08:00][sql] INSERT INTO `security_events` SET `event_type` = 'login_success' , `user_id` = 2 , `details_json` = '{\"store_id\":1,\"workstation_id\":1}' [ RunTime:0.024663s ]
[2026-04-19T20:15:10+08:00][sql] CONNECT:[ UseTime:0.001936s ] mysql:host=mysql;port=3306;dbname=fieldops;charset=utf8mb4
[2026-04-19T20:15:10+08:00][sql] SHOW FULL COLUMNS FROM `sessions` [ RunTime:0.002145s ]
[2026-04-19T20:15:10+08:00][sql] SELECT * FROM `sessions` WHERE  `token_hash` = '8aa9f8aeaaf5e2a2764ec893bce93f2a6fa18d51e358752c04cad2e1cee9201f'  AND `logout_at` IS NULL  AND `expires_at` > '2026-04-19 20:15:09' LIMIT 1 [ RunTime:0.000943s ]
[2026-04-19T20:15:10+08:00][sql] SHOW FULL COLUMNS FROM `users` [ RunTime:0.002059s ]
[2026-04-19T20:15:10+08:00][sql] SELECT * FROM `users` WHERE  `id` = 2 LIMIT 1 [ RunTime:0.000810s ]
[2026-04-19T20:15:10+08:00][sql] SHOW FULL COLUMNS FROM `user_roles` [ RunTime:0.001756s ]
[2026-04-19T20:15:10+08:00][sql] SELECT `r`.`code` FROM `user_roles` `ur` INNER JOIN `roles` `r` ON `ur`.`role_id`=`r`.`id` WHERE  `ur`.`user_id` = '2' [ RunTime:0.000771s ]
[2026-04-19T20:15:10+08:00][sql] SHOW FULL COLUMNS FROM `orders` [ RunTime:0.002299s ]
[2026-04-19T20:15:10+08:00][sql] INSERT INTO `orders` SET `order_no` = 'ORD-20260419201509-E24710' , `store_id` = 1 , `workstation_id` = 1 , `channel` = 'front_desk' , `status` = 'draft' , `customer_name` = 'Payment Isolation Test' , `customer_phone_enc` = NULL , `created_by` = 2 , `subtotal_amount` = '50' , `discount_amount` = '0' , `tax_amount` = '4' , `total_amount` = '54' , `amount_due` = '54' , `invoice_requested` = 0 , `invoice_taxpayer_id_enc` = NULL , `invoice_entity_name` = NULL , `invoice_identifier_enc` = NULL , `created_at` = '2026-04-19 20:15:09' , `updated_at` = '2026-04-19 20:15:09' [ RunTime:0.001533s ]
[2026-04-19T20:15:10+08:00][sql] SHOW FULL COLUMNS FROM `order_items` [ RunTime:0.002306s ]
[2026-04-19T20:15:10+08:00][sql] INSERT INTO `order_items` SET `order_id` = 33 , `service_code` = 'SVC-001' , `service_name` = 'Test' , `qty` = 1 , `unit_price` = '50' , `line_subtotal` = '50' [ RunTime:0.000992s ]
[2026-04-19T20:15:10+08:00][sql] SHOW FULL COLUMNS FROM `order_status_history` [ RunTime:0.002566s ]
[2026-04-19T20:15:10+08:00][sql] INSERT INTO `order_status_history` SET `order_id` = 33 , `from_status` = NULL , `to_status` = 'draft' , `changed_by` = 2 , `changed_at` = '2026-04-19 20:15:10' , `note` = 'Order created' [ RunTime:0.000907s ]
[2026-04-19T20:15:10+08:00][sql] SELECT * FROM `orders` WHERE  `id` = 33 LIMIT 1 [ RunTime:0.001289s ]
[2026-04-19T20:15:10+08:00][sql] SHOW FULL COLUMNS FROM `operation_logs` [ RunTime:0.002144s ]
[2026-04-19T20:15:10+08:00][sql] INSERT INTO `operation_logs` SET `actor_user_id` = 2 , `actor_role_code` = 'front_desk' , `store_id` = 1 , `workstation_id` = 1 , `action` = 'order.create' , `entity_type` = 'order' , `entity_id` = '33' , `before_json` = NULL , `after_json` = '{\"id\":33,\"order_no\":\"ORD-20260419201509-E24710\",\"store_id\":1,\"workstation_id\":1,\"channel\":\"front_desk\",\"status\":\"draft\",\"customer_name\":\"Payment Isolation Test\",\"customer_phone_enc\":\"***REDACTED***\",\"complaint_flag\":0,\"complaint_reason_code\":null,\"created_by\":2,\"assigned_technician_id\":null,\"confirmed_at\":null,\"completed_at\":null,\"cancelled_at\":null,\"cancellation_reason\":null,\"cancellation_by\":null,\"subtotal_amount\":\"50.00\",\"discount_amount\":\"0.00\",\"tax_amount\":\"4.00\",\"total_amount\":\"54.00\",\"amount_due\":\"54.00\",\"invoice_requested\":0,\"invoice_taxpayer_id_enc\":null,\"invoice_entity_name\":null,\"invoice_identifier_enc\":null,\"receipt_no\":null,\"created_at\":\"2026-04-19 20:15:09\",\"updated_at\":\"2026-04-19 20:15:09\"}' , `request_id` = '7cee2121a904992b80c42b0656b7fac3' , `ip` = '127.0.0.1' , `user_agent` = '' , `created_at` = '2026-04-19 20:15:10' [ RunTime:0.024423s ]
[2026-04-19T20:15:10+08:00][sql] CONNECT:[ UseTime:0.001962s ] mysql:host=mysql;port=3306;dbname=fieldops;charset=utf8mb4
[2026-04-19T20:15:10+08:00][sql] SHOW FULL COLUMNS FROM `users` [ RunTime:0.002399s ]
[2026-04-19T20:15:10+08:00][sql] SELECT * FROM `users` WHERE  `username` = 'frontdesk2' LIMIT 1 [ RunTime:0.000959s ]
[2026-04-19T20:15:10+08:00][sql] SHOW FULL COLUMNS FROM `user_store_workstation_bindings` [ RunTime:0.004638s ]
[2026-04-19T20:15:10+08:00][sql] SELECT * FROM `user_store_workstation_bindings` WHERE  `user_id` = 8  AND `store_id` = 2  AND `workstation_id` = 4  AND `active` = 1 LIMIT 1 [ RunTime:0.001075s ]
[2026-04-19T20:15:10+08:00][sql] UPDATE `users`  SET `failed_attempts` = 0 , `lockout_until` = NULL  WHERE  `id` = 8 [ RunTime:0.000893s ]
[2026-04-19T20:15:10+08:00][sql] SHOW FULL COLUMNS FROM `sessions` [ RunTime:0.001725s ]
[2026-04-19T20:15:10+08:00][sql] INSERT INTO `sessions` SET `user_id` = 8 , `token_hash` = '88c4259331e526f38fcd78aa997d9256aa9a4640bdfa0e3d0f1814c75c8ab041' , `store_id` = 2 , `workstation_id` = 4 , `login_at` = '2026-04-19 20:15:10' , `expires_at` = '2026-04-20 04:15:10' , `source_type` = 'web' [ RunTime:0.021923s ]
[2026-04-19T20:15:10+08:00][sql] SHOW FULL COLUMNS FROM `user_roles` [ RunTime:0.001804s ]
[2026-04-19T20:15:10+08:00][sql] SELECT `r`.`code` FROM `user_roles` `ur` INNER JOIN `roles` `r` ON `ur`.`role_id`=`r`.`id` WHERE  `ur`.`user_id` = '8' [ RunTime:0.000842s ]
[2026-04-19T20:15:10+08:00][sql] SHOW FULL COLUMNS FROM `security_events` [ RunTime:0.001787s ]
[2026-04-19T20:15:10+08:00][sql] INSERT INTO `security_events` SET `event_type` = 'login_success' , `user_id` = 8 , `details_json` = '{\"store_id\":2,\"workstation_id\":4}' [ RunTime:0.033985s ]
[2026-04-19T20:15:10+08:00][sql] CONNECT:[ UseTime:0.002221s ] mysql:host=mysql;port=3306;dbname=fieldops;charset=utf8mb4
[2026-04-19T20:15:10+08:00][sql] SHOW FULL COLUMNS FROM `sessions` [ RunTime:0.002807s ]
[2026-04-19T20:15:10+08:00][sql] SELECT * FROM `sessions` WHERE  `token_hash` = '88c4259331e526f38fcd78aa997d9256aa9a4640bdfa0e3d0f1814c75c8ab041'  AND `logout_at` IS NULL  AND `expires_at` > '2026-04-19 20:15:10' LIMIT 1 [ RunTime:0.001078s ]
[2026-04-19T20:15:10+08:00][sql] SHOW FULL COLUMNS FROM `users` [ RunTime:0.003463s ]
[2026-04-19T20:15:10+08:00][sql] SELECT * FROM `users` WHERE  `id` = 8 LIMIT 1 [ RunTime:0.001392s ]
[2026-04-19T20:15:10+08:00][sql] SHOW FULL COLUMNS FROM `user_roles` [ RunTime:0.003267s ]
[2026-04-19T20:15:10+08:00][sql] SELECT `r`.`code` FROM `user_roles` `ur` INNER JOIN `roles` `r` ON `ur`.`role_id`=`r`.`id` WHERE  `ur`.`user_id` = '8' [ RunTime:0.002959s ]
[2026-04-19T20:15:10+08:00][sql] SHOW FULL COLUMNS FROM `orders` [ RunTime:0.004406s ]
[2026-04-19T20:15:10+08:00][sql] SELECT * FROM `orders` WHERE  `id` = 33 LIMIT 1 [ RunTime:0.001185s ]
[2026-04-19T20:15:10+08:00][sql] CONNECT:[ UseTime:0.002094s ] mysql:host=mysql;port=3306;dbname=fieldops;charset=utf8mb4
[2026-04-19T20:15:10+08:00][sql] SHOW FULL COLUMNS FROM `users` [ RunTime:0.003496s ]
[2026-04-19T20:15:10+08:00][sql] SELECT * FROM `users` WHERE  `username` = 'finance1' LIMIT 1 [ RunTime:0.001048s ]
[2026-04-19T20:15:10+08:00][sql] SHOW FULL COLUMNS FROM `user_store_workstation_bindings` [ RunTime:0.003243s ]
[2026-04-19T20:15:10+08:00][sql] SELECT * FROM `user_store_workstation_bindings` WHERE  `user_id` = 5  AND `store_id` = 1  AND `workstation_id` = 1  AND `active` = 1 LIMIT 1 [ RunTime:0.001144s ]
[2026-04-19T20:15:10+08:00][sql] UPDATE `users`  SET `failed_attempts` = 0 , `lockout_until` = NULL  WHERE  `id` = 5 [ RunTime:0.000958s ]
[2026-04-19T20:15:10+08:00][sql] SHOW FULL COLUMNS FROM `sessions` [ RunTime:0.002038s ]
[2026-04-19T20:15:10+08:00][sql] INSERT INTO `sessions` SET `user_id` = 5 , `token_hash` = 'd42e864a8d9ba4968c200414f87f4c07b91d69c0da219fccdc48444dfb1622ee' , `store_id` = 1 , `workstation_id` = 1 , `login_at` = '2026-04-19 20:15:10' , `expires_at` = '2026-04-20 04:15:10' , `source_type` = 'web' [ RunTime:0.021884s ]
[2026-04-19T20:15:10+08:00][sql] SHOW FULL COLUMNS FROM `user_roles` [ RunTime:0.002764s ]
[2026-04-19T20:15:10+08:00][sql] SELECT `r`.`code` FROM `user_roles` `ur` INNER JOIN `roles` `r` ON `ur`.`role_id`=`r`.`id` WHERE  `ur`.`user_id` = '5' [ RunTime:0.000992s ]
[2026-04-19T20:15:10+08:00][sql] SHOW FULL COLUMNS FROM `security_events` [ RunTime:0.003450s ]
[2026-04-19T20:15:10+08:00][sql] INSERT INTO `security_events` SET `event_type` = 'login_success' , `user_id` = 5 , `details_json` = '{\"store_id\":1,\"workstation_id\":1}' [ RunTime:0.019504s ]
[2026-04-19T20:15:10+08:00][sql] CONNECT:[ UseTime:0.002002s ] mysql:host=mysql;port=3306;dbname=fieldops;charset=utf8mb4
[2026-04-19T20:15:10+08:00][sql] SHOW FULL COLUMNS FROM `sessions` [ RunTime:0.002978s ]
[2026-04-19T20:15:10+08:00][sql] SELECT * FROM `sessions` WHERE  `token_hash` = 'd42e864a8d9ba4968c200414f87f4c07b91d69c0da219fccdc48444dfb1622ee'  AND `logout_at` IS NULL  AND `expires_at` > '2026-04-19 20:15:10' LIMIT 1 [ RunTime:0.001023s ]
[2026-04-19T20:15:10+08:00][sql] SHOW FULL COLUMNS FROM `users` [ RunTime:0.003452s ]
[2026-04-19T20:15:10+08:00][sql] SELECT * FROM `users` WHERE  `id` = 5 LIMIT 1 [ RunTime:0.001132s ]
[2026-04-19T20:15:10+08:00][sql] SHOW FULL COLUMNS FROM `user_roles` [ RunTime:0.003206s ]
[2026-04-19T20:15:10+08:00][sql] SELECT `r`.`code` FROM `user_roles` `ur` INNER JOIN `roles` `r` ON `ur`.`role_id`=`r`.`id` WHERE  `ur`.`user_id` = '5' [ RunTime:0.001329s ]
[2026-04-19T20:15:10+08:00][sql] SHOW FULL COLUMNS FROM `cash_drawer_daily` [ RunTime:0.009285s ]
[2026-04-19T20:15:10+08:00][sql] SELECT * FROM `cash_drawer_daily` WHERE  `store_id` = 1  AND `business_date` = '2025-01-01' LIMIT 1 [ RunTime:0.001331s ]
[2026-04-19T20:15:10+08:00][sql] CONNECT:[ UseTime:0.003941s ] mysql:host=mysql;port=3306;dbname=fieldops;charset=utf8mb4
[2026-04-19T20:15:10+08:00][sql] SHOW FULL COLUMNS FROM `users` [ RunTime:0.004013s ]
[2026-04-19T20:15:10+08:00][sql] SELECT * FROM `users` WHERE  `username` = 'manager1' LIMIT 1 [ RunTime:0.001235s ]
[2026-04-19T20:15:10+08:00][sql] SHOW FULL COLUMNS FROM `user_store_workstation_bindings` [ RunTime:0.004141s ]
[2026-04-19T20:15:10+08:00][sql] SELECT * FROM `user_store_workstation_bindings` WHERE  `user_id` = 4  AND `store_id` = 1  AND `workstation_id` = 1  AND `active` = 1 LIMIT 1 [ RunTime:0.001088s ]
[2026-04-19T20:15:10+08:00][sql] UPDATE `users`  SET `failed_attempts` = 0 , `lockout_until` = NULL  WHERE  `id` = 4 [ RunTime:0.000735s ]
[2026-04-19T20:15:10+08:00][sql] SHOW FULL COLUMNS FROM `sessions` [ RunTime:0.001735s ]
[2026-04-19T20:15:10+08:00][sql] INSERT INTO `sessions` SET `user_id` = 4 , `token_hash` = 'fd59dfe706a2cea617a4fa45f7074235252b8b5819a74be3575b0ff034d90d3e' , `store_id` = 1 , `workstation_id` = 1 , `login_at` = '2026-04-19 20:15:10' , `expires_at` = '2026-04-20 04:15:10' , `source_type` = 'web' [ RunTime:0.021212s ]
[2026-04-19T20:15:10+08:00][sql] SHOW FULL COLUMNS FROM `user_roles` [ RunTime:0.002779s ]
[2026-04-19T20:15:10+08:00][sql] SELECT `r`.`code` FROM `user_roles` `ur` INNER JOIN `roles` `r` ON `ur`.`role_id`=`r`.`id` WHERE  `ur`.`user_id` = '4' [ RunTime:0.000902s ]
[2026-04-19T20:15:10+08:00][sql] SHOW FULL COLUMNS FROM `security_events` [ RunTime:0.002325s ]
[2026-04-19T20:15:10+08:00][sql] INSERT INTO `security_events` SET `event_type` = 'login_success' , `user_id` = 4 , `details_json` = '{\"store_id\":1,\"workstation_id\":1}' [ RunTime:0.089144s ]
[2026-04-19T20:15:10+08:00][sql] CONNECT:[ UseTime:0.002355s ] mysql:host=mysql;port=3306;dbname=fieldops;charset=utf8mb4
[2026-04-19T20:15:10+08:00][sql] SHOW FULL COLUMNS FROM `sessions` [ RunTime:0.005106s ]
[2026-04-19T20:15:10+08:00][sql] SELECT * FROM `sessions` WHERE  `token_hash` = 'fd59dfe706a2cea617a4fa45f7074235252b8b5819a74be3575b0ff034d90d3e'  AND `logout_at` IS NULL  AND `expires_at` > '2026-04-19 20:15:10' LIMIT 1 [ RunTime:0.001180s ]
[2026-04-19T20:15:10+08:00][sql] SHOW FULL COLUMNS FROM `users` [ RunTime:0.002063s ]
[2026-04-19T20:15:10+08:00][sql] SELECT * FROM `users` WHERE  `id` = 4 LIMIT 1 [ RunTime:0.000907s ]
[2026-04-19T20:15:10+08:00][sql] SHOW FULL COLUMNS FROM `user_roles` [ RunTime:0.001908s ]
[2026-04-19T20:15:10+08:00][sql] SELECT `r`.`code` FROM `user_roles` `ur` INNER JOIN `roles` `r` ON `ur`.`role_id`=`r`.`id` WHERE  `ur`.`user_id` = '4' [ RunTime:0.000951s ]
[2026-04-19T20:15:10+08:00][sql] SHOW FULL COLUMNS FROM `orders` [ RunTime:0.002224s ]
[2026-04-19T20:15:10+08:00][sql] SELECT COUNT(*) AS think_count FROM `orders` WHERE  `store_id` = 1  AND `created_at` >= '2025-01-01 00:00:00'  AND `created_at` <= '2025-12-31 23:59:59' LIMIT 1 [ RunTime:0.000999s ]
[2026-04-19T20:15:10+08:00][sql] SELECT AVG(TIMESTAMPDIFF(MINUTE, confirmed_at, completed_at)) AS avg_minutes FROM `orders` WHERE  `store_id` = 1  AND `status` = 'completed'  AND `confirmed_at` IS NOT NULL  AND `completed_at` IS NOT NULL  AND `completed_at` >= '2025-01-01 00:00:00'  AND `completed_at` <= '2025-12-31 23:59:59' LIMIT 1 [ RunTime:0.000937s ]
[2026-04-19T20:15:10+08:00][sql] SELECT COUNT(*) AS think_count FROM `orders` WHERE  `store_id` = 1  AND `created_at` >= '2025-01-01 00:00:00'  AND `created_at` <= '2025-12-31 23:59:59' LIMIT 1 [ RunTime:0.000898s ]
[2026-04-19T20:15:10+08:00][sql] SELECT COUNT(*) AS think_count FROM `orders` WHERE  `store_id` = 1  AND `status` = 'cancelled'  AND `created_at` >= '2025-01-01 00:00:00'  AND `created_at` <= '2025-12-31 23:59:59' LIMIT 1 [ RunTime:0.000926s ]
[2026-04-19T20:15:10+08:00][sql] SELECT COUNT(*) AS think_count FROM `orders` WHERE  `store_id` = 1  AND `status` = 'completed'  AND `completed_at` >= '2025-01-01 00:00:00'  AND `completed_at` <= '2025-12-31 23:59:59' LIMIT 1 [ RunTime:0.000894s ]
[2026-04-19T20:15:10+08:00][sql] SELECT COUNT(*) AS think_count FROM `orders` WHERE  `store_id` = 1  AND `status` = 'completed'  AND `complaint_flag` = 1  AND `completed_at` >= '2025-01-01 00:00:00'  AND `completed_at` <= '2025-12-31 23:59:59' LIMIT 1 [ RunTime:0.000898s ]
[2026-04-19T20:15:10+08:00][sql] CONNECT:[ UseTime:0.001867s ] mysql:host=mysql;port=3306;dbname=fieldops;charset=utf8mb4
[2026-04-19T20:15:10+08:00][sql] SHOW FULL COLUMNS FROM `users` [ RunTime:0.002204s ]
[2026-04-19T20:15:10+08:00][sql] SELECT * FROM `users` WHERE  `username` = 'manager1' LIMIT 1 [ RunTime:0.000857s ]
[2026-04-19T20:15:10+08:00][sql] SHOW FULL COLUMNS FROM `user_store_workstation_bindings` [ RunTime:0.002191s ]
[2026-04-19T20:15:10+08:00][sql] SELECT * FROM `user_store_workstation_bindings` WHERE  `user_id` = 4  AND `store_id` = 1  AND `workstation_id` = 1  AND `active` = 1 LIMIT 1 [ RunTime:0.001174s ]
[2026-04-19T20:15:10+08:00][sql] UPDATE `users`  SET `failed_attempts` = 0 , `lockout_until` = NULL  WHERE  `id` = 4 [ RunTime:0.001035s ]
[2026-04-19T20:15:10+08:00][sql] SHOW FULL COLUMNS FROM `sessions` [ RunTime:0.002432s ]
[2026-04-19T20:15:10+08:00][sql] INSERT INTO `sessions` SET `user_id` = 4 , `token_hash` = 'ccda217caa2b865e72bd6cab2fafe2052294ddf6b2db0ee0b293183b2598cdf8' , `store_id` = 1 , `workstation_id` = 1 , `login_at` = '2026-04-19 20:15:10' , `expires_at` = '2026-04-20 04:15:10' , `source_type` = 'web' [ RunTime:0.025276s ]
[2026-04-19T20:15:10+08:00][sql] SHOW FULL COLUMNS FROM `user_roles` [ RunTime:0.002858s ]
[2026-04-19T20:15:10+08:00][sql] SELECT `r`.`code` FROM `user_roles` `ur` INNER JOIN `roles` `r` ON `ur`.`role_id`=`r`.`id` WHERE  `ur`.`user_id` = '4' [ RunTime:0.001100s ]
[2026-04-19T20:15:10+08:00][sql] SHOW FULL COLUMNS FROM `security_events` [ RunTime:0.003192s ]
[2026-04-19T20:15:10+08:00][sql] INSERT INTO `security_events` SET `event_type` = 'login_success' , `user_id` = 4 , `details_json` = '{\"store_id\":1,\"workstation_id\":1}' [ RunTime:0.029115s ]
[2026-04-19T20:15:10+08:00][sql] CONNECT:[ UseTime:0.002698s ] mysql:host=mysql;port=3306;dbname=fieldops;charset=utf8mb4
[2026-04-19T20:15:10+08:00][sql] SHOW FULL COLUMNS FROM `sessions` [ RunTime:0.003360s ]
[2026-04-19T20:15:10+08:00][sql] SELECT * FROM `sessions` WHERE  `token_hash` = 'ccda217caa2b865e72bd6cab2fafe2052294ddf6b2db0ee0b293183b2598cdf8'  AND `logout_at` IS NULL  AND `expires_at` > '2026-04-19 20:15:10' LIMIT 1 [ RunTime:0.001679s ]
[2026-04-19T20:15:10+08:00][sql] SHOW FULL COLUMNS FROM `users` [ RunTime:0.003145s ]
[2026-04-19T20:15:10+08:00][sql] SELECT * FROM `users` WHERE  `id` = 4 LIMIT 1 [ RunTime:0.001276s ]
[2026-04-19T20:15:10+08:00][sql] SHOW FULL COLUMNS FROM `user_roles` [ RunTime:0.002787s ]
[2026-04-19T20:15:10+08:00][sql] SELECT `r`.`code` FROM `user_roles` `ur` INNER JOIN `roles` `r` ON `ur`.`role_id`=`r`.`id` WHERE  `ur`.`user_id` = '4' [ RunTime:0.001262s ]
[2026-04-19T20:15:10+08:00][sql] SHOW FULL COLUMNS FROM `sensor_aligned_buckets` [ RunTime:0.004292s ]
[2026-04-19T20:15:10+08:00][sql] SELECT COUNT(*) AS think_count FROM `sensor_aligned_buckets` WHERE  `store_id` = 1 LIMIT 1 [ RunTime:0.002726s ]
[2026-04-19T20:15:10+08:00][sql] SELECT * FROM `sensor_aligned_buckets` WHERE  `store_id` = 1 ORDER BY `bucket_start` DESC LIMIT 0,20 [ RunTime:0.001453s ]
Backend tests: PASSED

[4/5] Running frontend tests...
----------------------------------------------

> fieldops-frontend@1.0.0 test
> jest --coverage --verbose

● Validation Warning:

  Unknown option "setupFilesAfterSetup" with value ["@testing-library/jest-dom"] was found.
  This is probably a typing mistake. Fixing it will remove this message.

  Configuration Documentation:
  https://jestjs.io/docs/configuration

● Validation Warning:

  Unknown option "setupFilesAfterSetup" with value ["@testing-library/jest-dom"] was found.
  This is probably a typing mistake. Fixing it will remove this message.

  Configuration Documentation:
  https://jestjs.io/docs/configuration

PASS tests/unit/router.test.js
  Router
    ROLES constants
      ✓ defines all six roles as snake_case codes matching backend (22 ms)
      ✓ has ROLE_LABELS for UI display (6 ms)
      ✓ ALL_ROLES contains all six (3 ms)
    findRoute
      ✓ finds login route (6 ms)
      ✓ finds orders route with correct roles (10 ms)
      ✓ finds admin route restricted to administrator (5 ms)
      ✓ returns null for unknown route (1 ms)
      ✓ finds finance route with correct roles (1 ms)
      ✓ finds environmental route with correct roles (7 ms)
      ✓ finds audit-logs route with correct roles (6 ms)
      ✓ finds cleansing route (2 ms)
      ✓ finds kiosk route (3 ms)
      ✓ finds technician-queue route (1 ms)
      ✓ finds dashboard route restricted to store_manager and administrator (2 ms)
    hasAccess
      ✓ returns true when roles is null (public route) (6 ms)
      ✓ returns true when user has matching role (2 ms)
      ✓ returns false when user lacks required role (2 ms)
      ✓ returns true with multi-role user if any role matches (1 ms)
      ✓ customer cannot access finance route (1 ms)
      ✓ technician cannot access admin route (2 ms)
      ✓ finance user can access audit-logs (2 ms)
      ✓ front_desk can access orders (1 ms)
    getRoutes
      ✓ returns a copy of routes array (2 ms)
      ✓ returns all defined routes (4 ms)
      ✓ all protected routes require auth (4 ms)
    getCurrentRoute
      ✓ returns null before initialization (1 ms)
    destroy
      ✓ cleans up router state (1 ms)

PASS tests/unit/api.test.js
  API Service
    buildUrl
      ✓ BASE_URL is set to /api/v1 (40 ms)
    GET requests
      ✓ sends GET request to correct URL (9 ms)
      ✓ appends query params to URL (4 ms)
      ✓ filters out null and undefined params (2 ms)
    POST requests
      ✓ sends POST with JSON body (5 ms)
    PUT requests
      ✓ sends PUT with JSON body (2 ms)
    PATCH requests
      ✓ sends PATCH with JSON body (5 ms)
    DELETE requests
      ✓ sends DELETE request (41 ms)
    Auth header injection
      ✓ includes Authorization header when token exists (2 ms)
      ✓ does not include Authorization when no token (2 ms)
    Error handling
      ✓ throws error with status for non-ok responses (64 ms)
      ✓ throws error with status 0 for network errors (2 ms)
      ✓ handles 204 No Content response (2 ms)
    Duplicate submit prevention
      ✓ deduplicates concurrent POST requests (4 ms)
      ✓ GET requests skip deduplication guard (2 ms)
    Content-Type header
      ✓ sets Content-Type to application/json (2 ms)
    clearInflight
      ✓ clears all in-flight request references (1 ms)

PASS tests/component/navigationReal.test.js
  Navigation Component (Real)
    MENU_CONFIG
      ✓ customer menu contains Dashboard, My Orders, Kiosk (24 ms)
      ✓ front desk menu contains Orders and Cleansing (7 ms)
      ✓ technician menu contains Technician Queue (2 ms)
      ✓ store manager menu contains Finance and Environmental (3 ms)
      ✓ finance menu contains Finance and Audit Logs (6 ms)
      ✓ administrator menu contains Admin (66 ms)
      ✓ all menu items have route and icon (77 ms)
    roleToCssClass
      ✓ returns correct class for each role (8 ms)
      ✓ returns empty string for unknown role (1 ms)
    getMenuItems
      ✓ returns customer menu items for customer role (5 ms)
      ✓ returns empty array when no roles (10 ms)
      ✓ deduplicates menu items for multi-role user (1 ms)
      ✓ returns admin-specific items for administrator (10 ms)
      ✓ technician does not get admin menu (1 ms)
    getPrimaryRoleClass
      ✓ returns administrator class for admin user (1 ms)
      ✓ returns highest privilege class for multi-role user (6 ms)
      ✓ returns empty string for no roles (1 ms)
      ✓ store_manager outranks technician (1 ms)
    render
      ✓ renders nothing to null container (3 ms)
      ✓ renders empty for user with no roles (1 ms)
      ✓ renders HTML with nav items for administrator (5 ms)
      ✓ marks active page with layui-this class (1 ms)

PASS tests/e2e/orderWorkflow.test.js
  Front Desk Order Flow
    ✓ order creation validates customer_name (23 ms)
    ✓ item pricing validates via validateAmount (2 ms)
    ✓ coupon code validated via validateCouponCode (2 ms)
    ✓ subtotal calculation matches backend logic (3 ms)
    ✓ pricing chain renders via shipped AmountBreakdown (4 ms)
    ✓ invoice path validated via shipped validateInvoiceFields (3 ms)
    ✓ invoice with missing fields fails (1 ms)
    ✓ receipt renders via shipped Receipt component (107 ms)
  Technician Assignment and Completion Flow
    ✓ order state machine: assigned -> in_progress -> completed (4 ms)
    ✓ work note requires non-empty text (2 ms)
  Finance Reconciliation Close Flow
    ✓ variance under $1.00 is not a discrepancy (6 ms)
    ✓ variance over $1.00 is a discrepancy (1 ms)
    ✓ $1.00 exactly is NOT a discrepancy (> not >=) (1 ms)
    ✓ $1.01 IS a discrepancy (1 ms)
  Admin Experiment Create/Start/Stop
    ✓ holdout + variant traffic = 100% (1 ms)
    ✓ experiment auto-duration is 14 days (1 ms)
  Cleansing Review Screens - Role Gated
    ✓ administrator can approve batch (role check via router) (124 ms)
    ✓ store manager cannot approve batch (5 ms)
    ✓ date formatting for batch display (2 ms)

PASS tests/e2e/environmentalWorkflow.test.js
  Environmental Data Ingestion
    ✓ source_id validated as required (25 ms)
    ✓ metric_value validated as positive amount (4 ms)
    ✓ observed_at date parsed via shipped date util (2 ms)
    ✓ supported metric types are enumerable (3 ms)
  Time Alignment
    ✓ bucket start aligned to minute boundary (3 ms)
    ✓ bucket key combines store:zone:time (4 ms)
    ✓ completeness ratio = sources / total (1 ms)
    ✓ default bucket = 1 min, tolerance = 5 min (2 ms)
  Quality Metrics
    ✓ identical values: consistency = 1.0 (2 ms)
    ✓ single value: consistency = 1.0 (4 ms)
    ✓ close values: high consistency (6 ms)
    ✓ wide values: low consistency (1 ms)
    ✓ confidence labels match thresholds (31 ms)
    ✓ composite confidence = 0.4*C + 0.35*S + 0.25*A (3 ms)
  Derived Metrics
    ✓ moving average over window (36 ms)
    ✓ rate of change = (curr - prev) / abs(prev) (2 ms)
    ✓ comfort index = 0.4*T + 0.3*H + 0.3*AQ (2 ms)
  Data Lineage
    ✓ lineage tracks raw refs as JSON array (1 ms)
    ✓ lineage tracks transformation steps (4 ms)
    ✓ reproducibility hash is non-empty string (1 ms)
  Environmental Route Access
    ✓ admin can access environmental (3 ms)
    ✓ store_manager can access environmental (2 ms)
    ✓ customer cannot access environmental (2 ms)
    ✓ technician cannot access environmental (2 ms)

PASS tests/integration/apiContract.test.js
  Kiosk Coupon Validation Contract
    ✓ coupon validation sends code AND order_id via GET (13 ms)
  Finance Open Drawer Contract
    ✓ open drawer sends open_amount (not opening_balance) (3 ms)
    ✓ open drawer does NOT send store_id (server derives from session) (6 ms)
  Finance Daily Summary Contract
    ✓ daily summary sends date parameter (2 ms)
    ✓ daily summary does NOT send store_id (server derives from session) (3 ms)
  Dashboard API Contract
    ✓ operations dashboard calls /dashboards/operations (1 ms)
    ✓ CSV export calls /dashboards/operations/export.csv (1 ms)
  Order Status Vocabulary Contract
    ✓ backend canonical statuses are used (1 ms)
  Technician Queue API Contract
    ✓ queue uses /orders endpoint with status filter (4 ms)
    ✓ accept job uses /orders/:id/accept (2 ms)
    ✓ work notes use /orders/:id/work-notes with note field (1 ms)

PASS tests/integration/cleansingFlow.test.js
  Cleansing Batch Lifecycle
    Batch Status Transitions
      ✓ approve only from pending_review (3 ms)
      ✓ rollback from pending_review or approved (2 ms)
    Confidence Thresholds
      ✓ high confidence (>= 0.7) no review (2 ms)
      ✓ exactly 0.7 no review (2 ms)
      ✓ below 0.7 requires review (2 ms)
      ✓ below 0.4 gets low_confidence code (2 ms)
    Administrator Gating via Store
      ✓ administrator has admin role (1 ms)
      ✓ store_manager lacks admin role (1 ms)
      ✓ front_desk lacks admin role (1 ms)
      ✓ cleansing route accessible to store_manager (2 ms)
      ✓ cleansing route accessible to administrator (1 ms)
    Import Validation
      ✓ source_name required (1 ms)
      ✓ rows must not be empty (1 ms)
      ✓ valid row has required fields (1 ms)
    Normalization Preview
      ✓ Sr. Dev -> Senior Developer (1 ms)
      ✓ $75k -> 75000 (3 ms)
      ✓ 1.5M -> 1500000 (1 ms)

PASS tests/unit/orderAdapter.test.js
  orderAdapter.normalizeOrder
    ✓ preserves canonical backend fields verbatim (6 ms)
    ✓ coerces string amounts to numbers (2 ms)
    ✓ falls back to legacy short field names when canonical missing (3 ms)
    ✓ defaults missing amounts to 0 rather than undefined (1 ms)
  orderAdapter.normalizeOrderList
    ✓ normalizes every row in the list (1 ms)
    ✓ returns empty array when input is not an array (5 ms)
  orderAdapter.normalizeItem
    ✓ preserves backend item shape (qty, unit_price, line_subtotal) (3 ms)
    ✓ falls back to legacy quantity/amount fields (2 ms)
    ✓ derives line_subtotal from qty * unit_price when missing (1 ms)
    ✓ accepts local kiosk selection shape { price, service_name } (2 ms)
    ✓ coerces string amounts to numbers (1 ms)
  orderAdapter.normalizeItemList
    ✓ normalizes every row in the list (6 ms)
    ✓ returns empty array when input is not an array (1 ms)
  orderAdapter - backend payload contract
    ✓ accepts the documented backend payload shape (1 ms)

PASS tests/e2e/loginFlow.test.js
  Login Flow - Form Validation
    ✓ username is required (2 ms)
    ✓ password is required (3 ms)
    ✓ store_id is required (1 ms)
    ✓ workstation_id is required (1 ms)
    ✓ valid form data passes all required checks (1 ms)
  Login Flow - Happy Path
    ✓ successful login stores token via auth service (2 ms)
    ✓ login sets store and workstation context (1 ms)
    ✓ after login, isAuthenticated returns true (1 ms)
  Login Flow - Lockout
    ✓ lockout response has ACCOUNT_LOCKED error code (1 ms)
    ✓ remaining attempts warning contains count (1 ms)
  Login Flow - Role-Based Redirect
    ✓ customer cannot access admin route (1 ms)
    ✓ administrator can access admin route (1 ms)
    ✓ only store_manager and administrator can access dashboard (2 ms)
  Login Flow - Password Policy
    ✓ strong password passes policy (3 ms)
    ✓ short password fails policy (2 ms)
    ✓ no uppercase fails policy (1 ms)
    ✓ no digit fails policy (1 ms)

PASS tests/e2e/adminWorkflow.test.js
  Admin User Management
    ✓ username required via shipped validation (4 ms)
    ✓ password must meet policy via shipped validation (4 ms)
    ✓ admin route only accessible to administrator role (1 ms)
    ✓ admin menu rendered via shipped Navigation (3 ms)
    ✓ admin gets highest priority CSS class (1 ms)
  Admin Experiment Lifecycle
    ✓ draft can transition to running (7 ms)
    ✓ running can transition to stopped (1 ms)
    ✓ stopped is terminal (1 ms)
    ✓ cannot start from stopped (6 ms)
    ✓ holdout + traffic = 100% (1 ms)
    ✓ 14-day experiment duration via shipped date util (1 ms)
    ✓ deterministic sticky assignment (2 ms)
  Admin Key Rotation
    ✓ encrypted payload stores version number (3 ms)
  Admin Environmental Management
    ✓ environmental route accessible to admin (1 ms)
    ✓ environmental route accessible to store_manager (2 ms)
    ✓ environmental route NOT accessible to customer (1 ms)
    ✓ admin menu includes environmental (1 ms)

PASS tests/unit/auth.test.js
  Auth Service
    login
      ✓ stores token and user on successful login (8 ms)
      ✓ stores storeId and workstationId on login (2 ms)
      ✓ sends correct payload to auth/login endpoint (3 ms)
    logout
      ✓ clears store on logout (2 ms)
      ✓ clears store even if logout API fails (4 ms)
    getMe
      ✓ updates store with user data from /auth/me (2 ms)
    isAuthenticated
      ✓ returns false when no token (1 ms)
      ✓ returns true when token exists (1 ms)
    getToken / setToken / clearToken
      ✓ getToken returns current token (1 ms)
      ✓ setToken persists token (1 ms)
      ✓ clearToken removes token
    getRoles
      ✓ returns current roles
      ✓ returns empty array when no roles (1 ms)

PASS tests/e2e/kioskCouponFlow.test.js
  Kiosk Coupon Flow - Order Creation Before Validation
    ✓ full flow: create draft → apply-coupon → confirm → receipt (15 ms)
    ✓ coupon validate sends real order_id (not 0) (2 ms)
    ✓ kiosk page disables coupon button before draft order exists (1 ms)
    ✓ coupon button becomes enabled after draft order creation (1 ms)
  Kiosk Coupon Flow - Discount Persistence
    ✓ apply-coupon endpoint is called to persist discount server-side (1 ms)
    ✓ discount_amount is non-zero after apply-coupon (1 ms)

  console.warn
    Skipping: could not simulate service selection via layui in jsdom

      130 |         if (fetch.mock.calls.length === 0) {
      131 |             // eslint-disable-next-line no-console
    > 132 |             console.warn('Skipping: could not simulate service selection via layui in jsdom');
          |                     ^
      133 |             return;
      134 |         }
      135 |

      at Object.warn (tests/integration/kioskCouponSequencing.test.js:132:21)

PASS tests/component/receipt.test.js
  Receipt Component
    ✓ renders all receipt fields (5 ms)
    ✓ renders empty state for null data (1 ms)
    ✓ renders empty state for undefined data
    ✓ renders multiple items (1 ms)
    ✓ renders invoice requested note (1 ms)
    ✓ does not render invoice note when not requested (1 ms)
    ✓ contains correct CSS classes (3 ms)
    ✓ displays N/A for missing fields (1 ms)
    ✓ handles items with missing unit_price (2 ms)
    ✓ renders Service Receipt heading (1 ms)

PASS tests/integration/routeGuard.test.js
  Route Guard - Authentication
    ✓ unauthenticated user cannot access protected orders route (6 ms)
    ✓ authenticated user can access protected route (12 ms)
    ✓ login route does not require auth (1 ms)
  Route Guard - Authorization
    ✓ customer cannot access admin page (12 ms)
    ✓ administrator can access all pages (2 ms)
    ✓ technician cannot access finance page (1 ms)
    ✓ finance user can access finance page
    ✓ store manager can access dashboards
    ✓ store manager cannot access admin (1 ms)
    ✓ customer cannot access environmental (1 ms)
    ✓ finance user can access audit-logs (2 ms)
    ✓ store manager can access audit-logs (1 ms)
    ✓ administrator can access audit-logs (1 ms)
    ✓ front desk can access orders (16 ms)
    ✓ technician can access technician-queue (1 ms)
    ✓ customer can access kiosk (1 ms)
  Route Guard - Multi-step Order Flow
    ✓ order validation blocks progression when fields empty (2 ms)
    ✓ order validation passes when fields filled (1 ms)

PASS tests/integration/orderFlow.test.js
  Order Intake - Payload Contract
    ✓ order creation sends items with service_code and service_name (7 ms)
    ✓ order creation uses from/to date params (not date_from/date_to) (2 ms)
    ✓ order edit sends PATCH with customer_name (3 ms)
    ✓ assign technician sends POST with technician_id (2 ms)
  Order Intake - Validation
    ✓ customer_name required (2 ms)
    ✓ item amount must be positive (2 ms)
    ✓ invoice fields validated with canonical names (1 ms)
  Order Intake - Pricing Display
    ✓ pricing chain renders correctly via AmountBreakdown (7 ms)
    ✓ receipt renders with canonical fields (86 ms)
  Order Status Vocabulary
    ✓ backend canonical statuses used everywhere (1 ms)

PASS tests/integration/kioskCouponSequencing.test.js (6.609 s)
  Kiosk coupon sequencing
    ✓ validate coupon button is enabled from the start — no draft order required (191 ms)
    ✓ confirm button is labeled "Confirm Order" so the two-step flow is explicit (99 ms)
    ✓ clicking Validate with a coupon code creates a draft order then applies the coupon and updates the displayed amount_due (309 ms)
    ✓ receipt after confirm reflects the discounted amount (101 ms)

PASS tests/integration/experimentVariantFlow.test.js
  Kiosk runtime variant consumption (F-002)
    ✓ treatment variant hits the assignment endpoint and renders the promo banner (192 ms)
    ✓ control variant renders the default experience with no treatment banner (84 ms)
    ✓ holdout users get the default experience regardless of variant name (78 ms)
    ✓ assignment endpoint failure falls back to control and does not break the page (49 ms)
    ✓ no experiment configured means no assignment call is made (43 ms)

PASS tests/integration/kioskPayload.test.js
  Kiosk Order Payload
    ✓ order payload uses items (not services) with canonical fields (12 ms)
    ✓ invoice fields use canonical backend names (13 ms)
    ✓ coupon validation sends order_id (2 ms)
    ✓ order confirmation calls confirm then receipt endpoints (6 ms)

PASS tests/integration/ordersPageRefresh.test.js
  Orders page — refresh after mutations
    ✓ render mounts orders-table-body and orders-pagination-wrap (219 ms)
    ✓ initial render calls GET /orders and populates the table (108 ms)
    ✓ after mount, a second fetchOrders-equivalent call resolves containers from DOM without args (136 ms)
    ✓ edit-then-refresh sequence: a PATCH followed by a new GET /orders succeeds with no container args (81 ms)

PASS tests/component/navigation.test.js
  Navigation Component - Role Menus
    ✓ customer sees Dashboard, My Orders, Kiosk (4 ms)
    ✓ front desk sees Orders and Cleansing (4 ms)
    ✓ technician sees Technician Queue (3 ms)
    ✓ store manager sees Finance and Environmental (3 ms)
    ✓ finance sees Finance and Audit Logs (2 ms)
    ✓ administrator sees all admin menus (18 ms)
  Navigation Component - getMenuItems
    ✓ returns items for customer (2 ms)
    ✓ returns empty for no roles (3 ms)
    ✓ deduplicates items for multi-role user (1 ms)
  Navigation Component - CSS Classes
    ✓ roleToCssClass maps all roles (5 ms)
    ✓ unknown role returns empty string (1 ms)
    ✓ getPrimaryRoleClass returns highest privilege (1 ms)

PASS tests/unit/validation.test.js
  validateRequired
    ✓ returns invalid for empty string (3 ms)
    ✓ returns invalid for null (2 ms)
    ✓ returns valid for non-empty value (1 ms)
    ✓ returns invalid for whitespace only (1 ms)
  validatePasswordPolicy
    ✓ valid password passes all checks (1 ms)
    ✓ too short password fails (6 ms)
    ✓ no uppercase fails (1 ms)
    ✓ no lowercase fails (2 ms)
    ✓ no digit fails (2 ms)
    ✓ no special char fails (4 ms)
    ✓ empty password fails (1 ms)
  validateAmount
    ✓ positive amount is valid
    ✓ zero is invalid
    ✓ negative is invalid (1 ms)
    ✓ non-numeric is invalid (1 ms)
  validateInvoiceFields
    ✓ returns valid when all required fields present (1 ms)
    ✓ returns errors when required fields missing (12 ms)
    ✓ credit card requires last four digits (1 ms)
  validateCouponCode
    ✓ valid code passes (1 ms)
    ✓ empty code fails (10 ms)

PASS tests/integration/financeFlow.test.js
  Finance Cash Drawer Flow
    Open Drawer Validation
      ✓ opening amount validated via shipped validateAmount (3 ms)
      ✓ business date formatted via shipped date util (2 ms)
    Expected Total Calculation
      ✓ expected = open + payments - refunds (1 ms)
      ✓ variance = expected - counted (1 ms)
      ✓ positive variance means short count (1 ms)
      ✓ negative variance means over count (1 ms)
    Discrepancy Detection
      ✓ zero variance: no discrepancy (1 ms)
      ✓ $0.50 variance: no discrepancy (1 ms)
      ✓ exactly $1.00 variance: no discrepancy (> not >=) (1 ms)
      ✓ $1.01 variance: discrepancy (1 ms)
      ✓ $2.00 variance: discrepancy (1 ms)
      ✓ over-count $1.50: discrepancy (1 ms)
    Drawer Reopen Governance
      ✓ reopen reason validated via shipped validateRequired (3 ms)
      ✓ only administrator can reopen (26 ms)
      ✓ reopen only valid from closed status (22 ms)
    Reconciliation Statement Rendering
      ✓ statement amounts render via shipped AmountBreakdown (2 ms)

PASS tests/integration/dashboardFlow.test.js
  Dashboard API Contract
    ✓ operations endpoint called with from/to params (5 ms)
    ✓ analytics endpoint called alongside operations (3 ms)
    ✓ operations response contains all expected metric fields (3 ms)
    ✓ analytics response contains all expected metric fields (2 ms)
    ✓ CSV export uses correct endpoint path (2 ms)
  Dashboard Date Handling
    ✓ formatMMDDYYYY produces correct format for API (1 ms)
    ✓ parseMMDDYYYY roundtrips correctly (2 ms)
    ✓ parseMMDDYYYY rejects invalid dates (1 ms)
    ✓ toLocalDisplay handles valid and empty dates (144 ms)

PASS tests/integration/technicianState.test.js
  Technician Queue - Job State Transitions in DOM
    ✓ render shows both assigned and in_progress jobs (105 ms)
    ✓ in_progress job state renders completion controls (14 ms)
    ✓ accepted job (in_progress) is still actionable (4 ms)
    ✓ assigned job can be accepted (4 ms)
    ✓ completed job is not actionable (7 ms)
  Technician Queue - API Contract
    ✓ queue fetches both assigned and in_progress (5 ms)

PASS tests/integration/kioskReceipt.test.js
  kiosk showReceipt - backend payload contract
    ✓ renders qty, unit_price, and line_subtotal from backend-shaped items (114 ms)
    ✓ does not fall back to legacy price/amount fields when canonical fields are present (55 ms)
    ✓ renders safely when items array is empty (42 ms)

PASS tests/component/amountBreakdown.test.js
  AmountBreakdown Component
    ✓ renders all pricing fields (7 ms)
    ✓ renders empty state for null pricing (1 ms)
    ✓ renders empty state for undefined pricing (1 ms)
    ✓ formats zero amounts correctly (1 ms)
    ✓ contains correct CSS class names (4 ms)
    ✓ contains label text (2 ms)
    ✓ handles string amounts (1 ms)
    ✓ handles NaN gracefully by showing $0.00 (3 ms)
    ✓ renders discount with negative sign (1 ms)
    ✓ formats large amounts correctly (1 ms)

PASS tests/integration/financeContract.test.js
  Finance Open Drawer Contract
    ✓ open drawer sends open_amount, not opening_balance (4 ms)
    ✓ daily summary sends date parameter (2 ms)
  Finance Drawer State Rendering
    ✓ finance page reads open_amount from drawer data (1 ms)
    ✓ finance page falls back to opening_balance for legacy data (1 ms)
  Finance CSV Export Contract
    ✓ CSV export URL includes drawer ID (1 ms)

PASS tests/integration/technicianWorkflow.test.js
  Technician Queue Workflow
    ✓ queue fetches both assigned AND in_progress statuses (5 ms)
    ✓ accept job calls POST /orders/:id/accept (2 ms)
    ✓ work notes sent to POST /orders/:id/work-notes with note field (2 ms)
    ✓ complete job calls POST /orders/:id/complete (2 ms)

PASS tests/unit/store.test.js
  Store
    ✓ initializes with null values (4 ms)
    ✓ sets and gets user (2 ms)
    ✓ sets and gets token (1 ms)
    ✓ sets and gets roles (1 ms)
    ✓ sets and gets store context (2 ms)
    ✓ clear resets all state (1 ms)
    ✓ hasRole checks correctly (1 ms)
    ✓ isAuthenticated returns true when token exists (1 ms)
    ✓ isAuthenticated returns false when no token

PASS tests/unit/date.test.js
  formatMMDDYYYY
    ✓ formats date correctly (2 ms)
    ✓ pads single digit month (1 ms)
    ✓ handles December correctly (1 ms)
    ✓ returns empty string for invalid date (1 ms)
  parseMMDDYYYY
    ✓ parses valid date string (1 ms)
    ✓ returns null for invalid format (1 ms)
    ✓ returns null for empty string (1 ms)
    ✓ handles leap year date (1 ms)
  formatISO
    ✓ formats to ISO string (1 ms)

PASS tests/integration/pageModules.test.js (7.97 s)
  Admin Page Module
    ✓ render creates tab structure (174 ms)
    ✓ exports editUserRoles as callable function (6 ms)
    ✓ exports startExperiment as callable function (10 ms)
    ✓ exports stopExperiment as callable function (4 ms)
    ✓ key rotation button sends new_version field (119 ms)
  Cleansing Page Module
    ✓ exports previewBatch as callable function (18 ms)
    ✓ exports approveBatch as callable function (7 ms)
    ✓ exports rollbackBatch as callable function (2 ms)
    ✓ render creates tab structure (77 ms)
  Environmental Page Module
    ✓ exports viewLineage as callable function (1 ms)
    ✓ render creates tab structure (68 ms)
  Kiosk Page Module
    ✓ render creates order form with correct field names (139 ms)
    ✓ exports render as function (4 ms)
  Dashboard Page Module
    ✓ render creates dashboard layout (175 ms)
    ✓ sends from/to params (not date_from/date_to) (53 ms)
  Orders Page Module
    ✓ render creates orders table (32 ms)
    ✓ status filter uses backend canonical values (64 ms)
  Finance Page Module
    ✓ exports render as function (2 ms)

PASS tests/integration/appRouting.test.js
  App Routing - Page Module Registry
    ✓ PAGE_MODULES registry has entries for all routes (22 ms)
    ✓ each PAGE_MODULES entry is a function (11 ms)
    ✓ PAGE_MODULES lazy loaders return objects with render method (294 ms)
  App Routing - renderPageModule
    ✓ renderPageModule calls render on the page module (126 ms)
    ✓ renderPageModule handles unknown page gracefully (7 ms)
  App Routing - Route→Page mapping
    ✓ dashboard route maps to dashboard page module (5 ms)
    ✓ orders route maps to orders page module (2 ms)
    ✓ finance route maps to finance page module (1 ms)
    ✓ admin route maps to admin page module (1 ms)
    ✓ kiosk route maps to kiosk page module (1 ms)
    ✓ environmental route maps to environmental page module (2 ms)
    ✓ cleansing route maps to cleansing page module (2 ms)
    ✓ audit-logs route maps to audit-logs page module (2 ms)
    ✓ technician-queue route maps to technician-queue page module (1 ms)

PASS tests/component/formStates.test.js
  Form State CSS Classes
    ✓ all state classes follow is- prefix convention (4 ms)
    ✓ AmountBreakdown shows is-empty for null data (2 ms)
    ✓ Receipt shows is-empty for null data (10 ms)
  Dashboard State Rendering
    ✓ operations dashboard empty state renders via AmountBreakdown (1 ms)
    ✓ operations dashboard success state renders pricing (2 ms)
  Amount Due Breakdown Rendering
    ✓ displays all pricing components via shipped module (11 ms)
    ✓ receipt rendered with all required fields via shipped module (76 ms)

---------------------|---------|----------|---------|---------|------------------------------------------------------------------------------------
File                 | % Stmts | % Branch | % Funcs | % Lines | Uncovered Line #s                                                                  
---------------------|---------|----------|---------|---------|------------------------------------------------------------------------------------
All files            |   54.14 |    37.31 |   49.34 |   54.93 |                                                                                    
 src                 |   26.04 |     13.2 |   33.33 |   27.77 |                                                                                    
  app.js             |   26.04 |     13.2 |   33.33 |   27.77 | 11,14-15,20,22-126,145,160-219,229-233                                             
 src/components      |   97.43 |    91.07 |     100 |   98.57 |                                                                                    
  AmountBreakdown.js |     100 |      100 |     100 |     100 |                                                                                    
  Navigation.js      |   96.87 |    83.33 |     100 |   98.27 | 153                                                                                
  Receipt.js         |     100 |    94.11 |     100 |     100 | 13-14                                                                              
 src/pages           |   42.58 |    21.79 |   32.99 |   43.47 |                                                                                    
  admin.js           |   38.02 |       10 |   22.85 |   40.94 | 50,65-66,79,103,131-271                                                            
  cleansing.js       |   35.71 |    17.46 |      30 |   36.58 | 41-49,57-62,70-77,109-182                                                          
  dashboard.js       |   66.97 |    35.21 |   56.25 |   68.75 | 25,80-89,167-168,180-208,256-258,266                                               
  environmental.js   |      52 |    39.47 |   44.44 |    52.7 | 53-92,102,111-112,123,141,151-165                                                  
  finance.js         |    5.08 |        0 |       0 |     5.3 | 18-334                                                                             
  kiosk.js           |   62.91 |    41.17 |      50 |   63.81 | 44,110,115-118,178,227,329,341-361,387-402,419-422,442-446,454-470,495-497,505-537 
  orders.js          |   35.36 |    17.84 |   28.57 |   36.28 | 93,96,99,160,171-175,189-204,217-510,546,556-563,582,592                           
  technicianQueue.js |   39.79 |    27.17 |   36.84 |      40 | 30-34,39,81,83-84,109,120-214,243                                                  
 src/router          |    62.5 |    33.33 |      75 |   61.42 |                                                                                    
  index.js           |    62.5 |    33.33 |      75 |   61.42 | 71-74,115-129,146,161-191                                                          
 src/services        |      97 |    85.54 |   96.87 |      97 |                                                                                    
  api.js             |   95.52 |    89.55 |   93.75 |   95.52 | 39-40,173                                                                          
  auth.js            |     100 |       50 |     100 |     100 | 23-54                                                                              
  experiments.js     |     100 |       80 |     100 |     100 | 39-42                                                                              
 src/store           |   90.62 |       75 |   93.33 |   90.62 |                                                                                    
  index.js           |   90.62 |       75 |   93.33 |   90.62 | 20,32,117                                                                          
 src/utils           |   92.15 |    89.74 |     100 |    92.7 |                                                                                    
  date.js            |   86.84 |    89.47 |     100 |   86.84 | 43,69,87,101,108                                                                   
  orderAdapter.js    |   96.49 |    92.59 |     100 |     100 | 15-23,64,81                                                                        
  validation.js      |   91.37 |     87.5 |     100 |   91.37 | 75,123,151-153                                                                     
---------------------|---------|----------|---------|---------|------------------------------------------------------------------------------------
Test Suites: 33 passed, 33 total
Tests:       401 passed, 401 total
Snapshots:   0 total
Time:        11.239 s
Ran all test suites.
Frontend tests: PASSED

[5/5] Starting services for E2E tests...
 Volume "repo_backend_storage"  Creating
 Volume "repo_backend_storage"  Created
 Container fieldops_mysql  Recreate
 Container fieldops_mysql  Recreated
 Container fieldops_backend  Creating
 Container fieldops_backend  Created
 Container fieldops_frontend  Creating
 Container fieldops_frontend  Created
 Container fieldops_mysql  Starting
 Container fieldops_mysql  Started
 Container fieldops_mysql  Waiting
 Container fieldops_mysql  Healthy
 Container fieldops_backend  Starting
 Container fieldops_backend  Started
 Container fieldops_frontend  Starting
 Container fieldops_frontend  Started
Waiting for backend to be ready (max ~60s)...
Backend is ready.
[5/5] Reseeding demo password hashes...
[seed-passwords] Reset 10 demo password hashes and cleared lockout/session/redemption state.

Running fullstack E2E tests...
----------------------------------------------
 Container fieldops_mysql  Running
 Container fieldops_backend  Running
 Container fieldops_frontend  Running
 Container fieldops_mysql  Waiting
 Container fieldops_mysql  Healthy

> fieldops-e2e@1.0.0 test
> jest --verbose --forceExit --detectOpenHandles

PASS ./fullstack.test.js (7.097 s)
  Fullstack: Auth Lifecycle
    ✓ login returns token and user with roles (445 ms)
    ✓ token grants access to protected /auth/me (30 ms)
    ✓ invalid token is rejected with 401 (23 ms)
    ✓ missing token is rejected with 401 (20 ms)
    ✓ invalid credentials return INVALID_CREDENTIALS (156 ms)
    ✓ logout invalidates session (446 ms)
  Fullstack: Order Lifecycle
    ✓ create order with items (verified in DB) (165 ms)
    ✓ confirm order transitions status (185 ms)
    ✓ invalid transition from confirmed to completed returns 409 (93 ms)
    ✓ assign technician (224 ms)
    ✓ technician accepts → in_progress (331 ms)
    ✓ technician adds work note (265 ms)
    ✓ complete order (290 ms)
    ✓ record payment against order (122 ms)
    ✓ get receipt with correct totals (65 ms)
  Fullstack: RBAC Enforcement
    ✓ customer cannot access admin/users (212 ms)
    ✓ technician cannot create orders (199 ms)
    ✓ finance cannot reopen drawer (admin-only) (251 ms)
    ✓ admin can access experiments (183 ms)
    ✓ manager cannot access experiments (163 ms)
  Fullstack: Finance Reconciliation
    ✓ open cash drawer (77 ms)
    ✓ close drawer detects discrepancy (88 ms)
    ✓ statement generated after close (27 ms)
  Fullstack: Cleansing Pipeline
    ✓ import batch normalizes data in DB (94 ms)
    ✓ preview shows normalized results (28 ms)
    ✓ approve batch updates status (104 ms)
    ✓ cannot re-approve already approved batch (28 ms)
  Fullstack: Experiment Lifecycle
    ✓ create experiment with variants (213 ms)
    ✓ start experiment (73 ms)
    ✓ cannot start already running experiment (409) (19 ms)
    ✓ stop experiment (79 ms)
    ✓ cannot stop already stopped experiment (409) (22 ms)
  Fullstack: Kiosk coupon flow
    ✓ step 1: POST /orders creates a draft order with pre-coupon totals (81 ms)
    ✓ step 2a: GET /coupons/validate returns a 200 and validity info for WELCOME10 (28 ms)
    ✓ step 2b: POST /orders/:id/apply-coupon persists the discount on the draft (118 ms)
    ✓ step 3: POST /orders/:id/confirm locks in the discounted total, not the original (131 ms)
  Fullstack: Audit Trail
    ✓ audit logs contain recent operations (151 ms)

Test Suites: 1 skipped, 1 passed, 1 of 2 total
Tests:       2 skipped, 37 passed, 39 total
Snapshots:   0 total
Time:        7.657 s
Ran all test suites.
E2E tests: PASSED

==============================================
 TEST SUMMARY
==============================================
 Total Suites:  3
 Passed:        3
 Failed:        0

 Backend:       PASS
 Frontend:      PASS
 Fullstack E2E: PASS

 Result: ALL TESTS PASSED
==============================================
